{
  "elements": {
    "nodes": [
      {
        "data": {
          "id": "107648411a3f61763d45f8433b787970",
          "cluster": "_external_",
          "infraName": "External Deployments",
          "infraType": "cluster",
          "namespace": "",
          "nodeType": "box",
          "healthData": "Healthy",
          "isBox": "cluster",
          "isExternal": true,
          "isInaccessible": true
        }
      },
      {
        "data": {
          "id": "21aa3cd669c2462251e58d3b19149ace",
          "cluster": "cluster-primary",
          "infraName": "cluster-primary",
          "infraType": "cluster",
          "namespace": "",
          "nodeType": "box",
          "healthData": "Healthy",
          "infraData": {
            "apiEndpoint": "http://127.0.0.2:9443",
            "isKialiHome": true,
            "kialiInstances": [
              {
                "namespace": "istio-system",
                "operatorResource": "",
                "serviceName": "kiali",
                "url": "",
                "version": ""
              }
            ],
            "name": "cluster-primary",
            "secretName": "",
            "accessible": true
          },
          "isBox": "cluster",
          "version": "Unknown"
        }
      },
      {
        "data": {
          "id": "1aabe556f7e14438273ef43c7bce6148",
          "cluster": "cluster-remote",
          "infraName": "cluster-remote",
          "infraType": "cluster",
          "namespace": "",
          "nodeType": "box",
          "healthData": "Healthy",
          "infraData": {
            "apiEndpoint": "",
            "isKialiHome": false,
            "kialiInstances": null,
            "name": "cluster-remote",
            "secretName": "",
            "accessible": true
          },
          "isBox": "cluster"
        }
      },
      {
        "data": {
          "id": "d1c7a41aefa12a640ebeb0e57c079e8e",
          "parent": "21aa3cd669c2462251e58d3b19149ace",
          "cluster": "cluster-primary",
          "infraName": "istio-system",
          "infraType": "namespace",
          "namespace": "istio-system",
          "nodeType": "box",
          "healthData": null,
          "isBox": "namespace"
        }
      },
      {
        "data": {
          "id": "82397758134f81118fb9935477d6f598",
          "parent": "107648411a3f61763d45f8433b787970",
          "cluster": "_external_",
          "infraName": "Prometheus",
          "infraType": "metricStore",
          "namespace": "",
          "nodeType": "infra",
          "healthData": "Healthy",
          "infraData": {
            "Auth": {
              "CAFile": "xxx",
              "InsecureSkipVerify": false,
              "Password": "xxx",
              "Token": "xxx",
              "Type": "none",
              "UseKialiToken": false,
              "Username": "xxx"
            },
            "CacheDuration": 7,
            "CacheEnabled": true,
            "CacheExpiration": 300,
            "CustomHeaders": {},
            "HealthCheckUrl": "",
            "IsCore": false,
            "QueryScope": {},
            "ThanosProxy": {
              "Enabled": false,
              "RetentionPeriod": "7d",
              "ScrapeInterval": "30s"
            },
            "URL": "http://prometheus.istio-system:9090"
          },
          "isExternal": true,
          "isInaccessible": true
        }
      },
      {
        "data": {
          "id": "9c46b0cb8c955460035427187706cfbc",
          "parent": "107648411a3f61763d45f8433b787970",
          "cluster": "_external_",
          "infraName": "jaeger",
          "infraType": "traceStore",
          "namespace": "",
          "nodeType": "infra",
          "healthData": "Healthy",
          "infraData": {
            "Auth": {
              "CAFile": "xxx",
              "InsecureSkipVerify": false,
              "Password": "xxx",
              "Token": "xxx",
              "Type": "none",
              "UseKialiToken": false,
              "Username": "xxx"
            },
            "CustomHeaders": {},
            "Enabled": true,
            "ExternalURL": "",
            "HealthCheckUrl": "",
            "GrpcPort": 9095,
            "InternalURL": "http://tracing.istio-system:16685/jaeger",
            "IsCore": false,
            "Provider": "jaeger",
            "TempoConfig": {},
            "NamespaceSelector": true,
            "QueryScope": {},
            "QueryTimeout": 5,
            "UseGRPC": true,
            "WhiteListIstioSystem": [
              "jaeger-query",
              "istio-ingressgateway"
            ]
          },
          "isExternal": true,
          "isInaccessible": true
        }
      },
      {
        "data": {
          "id": "fb536b180952008dd29b4319593ef044",
          "parent": "107648411a3f61763d45f8433b787970",
          "cluster": "_external_",
          "infraName": "Grafana",
          "infraType": "grafana",
          "namespace": "",
          "nodeType": "infra",
          "healthData": "Healthy",
          "infraData": {
            "Auth": {
              "CAFile": "xxx",
              "InsecureSkipVerify": false,
              "Password": "xxx",
              "Token": "xxx",
              "Type": "none",
              "UseKialiToken": false,
              "Username": "xxx"
            },
            "Dashboards": null,
            "Enabled": true,
            "ExternalURL": "",
            "HealthCheckUrl": "",
            "InternalURL": "http://grafana.istio-system:3000",
            "IsCore": false
          },
          "isExternal": true,
          "isInaccessible": true
        }
      },
      {
        "data": {
          "id": "dcde5f73ea6b0522e798ae9ba99a98c8",
          "parent": "21aa3cd669c2462251e58d3b19149ace",
          "cluster": "cluster-primary",
          "infraName": "Data Plane",
          "infraType": "dataplane",
          "namespace": "",
          "nodeType": "infra",
          "healthData": "Healthy",
          "infraData": [
            {
              "name": "data-plane-1",
              "cluster": "cluster-primary",
              "isAmbient": false,
              "labels": {
                "istio-injection": "enabled",
                "kubernetes.io/metadata.name": "data-plane-1"
              },
              "annotations": null
            },
            {
              "name": "data-plane-2",
              "cluster": "cluster-primary",
              "isAmbient": false,
              "labels": {
                "istio.io/rev": "default",
                "kubernetes.io/metadata.name": "data-plane-2"
              },
              "annotations": null
            }
          ],
          "version": "default"
        }
      },
      {
        "data": {
          "id": "cdf7185cca90872db8b743e7a5b36ef0",
          "parent": "d1c7a41aefa12a640ebeb0e57c079e8e",
          "cluster": "cluster-primary",
          "infraName": "kiali",
          "infraType": "kiali",
          "namespace": "istio-system",
          "nodeType": "infra",
          "healthData": "Healthy",
          "infraData": {
            "ComponentStatuses": {
              "Enabled": true,
              "Components": []
            },
            "ConfigMapName": "",
            "EnvoyAdminLocalPort": 15000,
            "GatewayAPIClasses": [],
            "EgressGatewayNamespace": "",
            "IngressGatewayNamespace": "",
            "IstioAPIEnabled": true,
            "IstioIdentityDomain": "svc.cluster.local",
            "IstioInjectionAnnotation": "sidecar.istio.io/inject",
            "IstioSidecarInjectorConfigMapName": "",
            "IstioSidecarAnnotation": "sidecar.istio.io/status",
            "IstiodDeploymentName": "",
            "IstiodPodMonitoringPort": 15014,
            "IstiodPollingIntervalSeconds": 20,
            "Registry": null,
            "RootNamespace": "istio-system",
            "UrlServiceVersion": ""
          }
        }
      },
      {
        "data": {
          "id": "e99df577d74ca59cfb453ccbaa84c3c1",
          "parent": "d1c7a41aefa12a640ebeb0e57c079e8e",
          "cluster": "cluster-primary",
          "infraName": "istiod",
          "infraType": "istiod",
          "namespace": "istio-system",
          "nodeType": "infra",
          "healthData": "Healthy",
          "infraData": {
            "config": {
               "ConfigMap": {
                          "mesh": "accessLogFile: /dev/stdout\nenableAutoMtls: true\nrootNamespace: istio-system\ntrustDomain: cluster.local\n"
                        },
              "Network": "kialiNetwork",
              "DisableMixerHttpReports": false,
              "DiscoverySelectors": null,
              "EnableAutoMtls": true,
              "MeshMTLS": {
                "MinProtocolVersion": ""
              },
              "defaultConfig": {
                "MeshId": ""
              },
              "OutboundTrafficPolicy": {
                "mode": "ALLOW_ANY"
              },
              "TrustDomain": "cluster.local",
              "DefaultDestinationRuleExportTo": null,
              "DefaultServiceExportTo": null,
              "DefaultVirtualServiceExportTo": null
            },
            "revision": "default",
            "thresholds": {
              "memory": 0,
              "cpu": 0
            }
          },
          "version": "Unknown"
        }
      },
      {
        "data": {
          "id": "3281222bbd167f16bcc4206ff60f37e8",
          "parent": "1aabe556f7e14438273ef43c7bce6148",
          "cluster": "cluster-remote",
          "infraName": "Data Plane",
          "infraType": "dataplane",
          "namespace": "",
          "nodeType": "infra",
          "healthData": "Healthy",
          "infraData": [
            {
              "name": "data-plane-3",
              "cluster": "cluster-remote",
              "isAmbient": false,
              "labels": {
                "istio-injection": "enabled",
                "kubernetes.io/metadata.name": "data-plane-3"
              },
              "annotations": null
            },
            {
              "name": "data-plane-4",
              "cluster": "cluster-remote",
              "isAmbient": false,
              "labels": {
                "istio.io/rev": "default",
                "kubernetes.io/metadata.name": "data-plane-4"
              },
              "annotations": null
            }
          ],
          "version": "default"
        }
      }
    ],
    "edges": [
      {
        "data": {
          "id": "1425e29b8977c19c906115f31a1f8a6b",
          "source": "cdf7185cca90872db8b743e7a5b36ef0",
          "target": "82397758134f81118fb9935477d6f598"
        }
      },
      {
        "data": {
          "id": "d1d2a29141584c3aebd0c2940e951030",
          "source": "cdf7185cca90872db8b743e7a5b36ef0",
          "target": "9c46b0cb8c955460035427187706cfbc"
        }
      },
      {
        "data": {
          "id": "a5c68927026a2e26f3a320eb35bed889",
          "source": "cdf7185cca90872db8b743e7a5b36ef0",
          "target": "e99df577d74ca59cfb453ccbaa84c3c1"
        }
      },
      {
        "data": {
          "id": "e44f9ff10bbd28f2c0c2b3f9d6b442f1",
          "source": "cdf7185cca90872db8b743e7a5b36ef0",
          "target": "fb536b180952008dd29b4319593ef044"
        }
      },
      {
        "data": {
          "id": "b9e434f3ed6a9cbc6c1be531769476c3",
          "source": "e99df577d74ca59cfb453ccbaa84c3c1",
          "target": "3281222bbd167f16bcc4206ff60f37e8"
        }
      },
      {
        "data": {
          "id": "05fa6313fb424577ab82fe41e762ade8",
          "source": "e99df577d74ca59cfb453ccbaa84c3c1",
          "target": "dcde5f73ea6b0522e798ae9ba99a98c8"
        }
      }
    ]
  },
  "meshName": "",
  "timestamp": 1523364075
}
