// Jest Snapshot v1, https://goo.gl/fbAQLP

exports[`IstioComponentStatus renders error icon when core component is not found 1`] = `
<Fragment>
  <Split
    className="kiali_fuhkp1b"
    hasGutter={true}
    key="cell-status-icon-isito-ingress"
  >
    <SplitItem
      style={
        Object {
          "paddingLeft": "0.5rem",
        }
      }
    >
      <Icon
        className="kiali_fi2mdky kiali_f1h37jb8"
      >
        <ExclamationCircleIcon />
      </Icon>
    </SplitItem>
    <SplitItem
      isFilled={true}
    >
      isito-ingress
    </SplitItem>
    <SplitItem>
      Not found
    </SplitItem>
  </Split>
</Fragment>
`;

exports[`IstioComponentStatus renders error icon when core component is not running 1`] = `
<Fragment>
  <Split
    className="kiali_fuhkp1b"
    hasGutter={true}
    key="cell-status-icon-isito-ingress"
  >
    <SplitItem
      style={
        Object {
          "paddingLeft": "0.5rem",
        }
      }
    >
      <Icon
        className="kiali_fi2mdky kiali_f1h37jb8"
      >
        <ExclamationCircleIcon />
      </Icon>
    </SplitItem>
    <SplitItem
      isFilled={true}
    >
      isito-ingress
    </SplitItem>
    <SplitItem>
      Not healthy
    </SplitItem>
  </Split>
</Fragment>
`;

exports[`IstioComponentStatus renders minus icon when addon component is not ready 1`] = `
<Fragment>
  <Split
    className="kiali_fuhkp1b"
    hasGutter={true}
    key="cell-status-icon-addon"
  >
    <SplitItem
      style={
        Object {
          "paddingLeft": "0.5rem",
        }
      }
    >
      <Icon
        className="kiali_fi2mdky kiali_f1elceoh"
      >
        <MinusCircleIcon />
      </Icon>
    </SplitItem>
    <SplitItem
      isFilled={true}
    >
      addon
    </SplitItem>
    <SplitItem>
      Not ready
    </SplitItem>
  </Split>
</Fragment>
`;

exports[`IstioComponentStatus renders minus icon when core component is not ready 1`] = `
<Fragment>
  <Split
    className="kiali_fuhkp1b"
    hasGutter={true}
    key="cell-status-icon-core"
  >
    <SplitItem
      style={
        Object {
          "paddingLeft": "0.5rem",
        }
      }
    >
      <Icon
        className="kiali_fi2mdky kiali_f1elceoh"
      >
        <MinusCircleIcon />
      </Icon>
    </SplitItem>
    <SplitItem
      isFilled={true}
    >
      core
    </SplitItem>
    <SplitItem>
      Not ready
    </SplitItem>
  </Split>
</Fragment>
`;

exports[`IstioComponentStatus renders success icon when core component is running 1`] = `
<Fragment>
  <Split
    className="kiali_fuhkp1b"
    hasGutter={true}
    key="cell-status-icon-isito-ingress"
  >
    <SplitItem
      style={
        Object {
          "paddingLeft": "0.5rem",
        }
      }
    >
      <Icon
        className="kiali_fi2mdky kiali_f1r5cf3w"
      >
        <CheckCircleIcon />
      </Icon>
    </SplitItem>
    <SplitItem
      isFilled={true}
    >
      isito-ingress
    </SplitItem>
    <SplitItem>
      Healthy
    </SplitItem>
  </Split>
</Fragment>
`;

exports[`IstioComponentStatus renders success icon when core component is running 2`] = `
<Fragment>
  <Split
    className="kiali_fuhkp1b"
    hasGutter={true}
    key="cell-status-icon-prometheus"
  >
    <SplitItem
      style={
        Object {
          "paddingLeft": "0.5rem",
        }
      }
    >
      <Icon
        className="kiali_fi2mdky kiali_f1r5cf3w"
      >
        <CheckCircleIcon />
      </Icon>
    </SplitItem>
    <SplitItem
      isFilled={true}
    >
      prometheus
    </SplitItem>
    <SplitItem>
      Healthy
    </SplitItem>
  </Split>
</Fragment>
`;

exports[`IstioComponentStatus renders warning icon when core component is not found 1`] = `
<Fragment>
  <Split
    className="kiali_fuhkp1b"
    hasGutter={true}
    key="cell-status-icon-prometheus"
  >
    <SplitItem
      style={
        Object {
          "paddingLeft": "0.5rem",
        }
      }
    >
      <Icon
        className="kiali_fi2mdky kiali_frkkrth"
      >
        <ExclamationTriangleIcon />
      </Icon>
    </SplitItem>
    <SplitItem
      isFilled={true}
    >
      prometheus
    </SplitItem>
    <SplitItem>
      Not found
    </SplitItem>
  </Split>
</Fragment>
`;

exports[`IstioComponentStatus renders warning icon when core component is not running 1`] = `
<Fragment>
  <Split
    className="kiali_fuhkp1b"
    hasGutter={true}
    key="cell-status-icon-prometheus"
  >
    <SplitItem
      style={
        Object {
          "paddingLeft": "0.5rem",
        }
      }
    >
      <Icon
        className="kiali_fi2mdky kiali_frkkrth"
      >
        <ExclamationTriangleIcon />
      </Icon>
    </SplitItem>
    <SplitItem
      isFilled={true}
    >
      prometheus
    </SplitItem>
    <SplitItem>
      Not healthy
    </SplitItem>
  </Split>
</Fragment>
`;
