{
  "timestamp": 1523364075,
  "duration": 600,
  "graphType": "service",
  "elements": {
    "nodes": [
      {
        "data": {
          "id": "2ece1a58255a8af70ebd2982f3df9912add282c65f176987bddd4bcf3d955dbb",
          "nodeType": "service",
          "cluster": "east",
          "namespace": "bankapp",
          "service": "deposit",
          "destServices": [
            {
              "cluster": "east",
              "namespace": "bankapp",
              "name": "deposit"
            }
          ],
          "traffic": [
            {
              "protocol": "grpc",
              "rates": {
                "grpcIn": "50.00"
              }
            }
          ],
          "healthData": null,
          "isInaccessible": true,
          "isOutside": true
        }
      },
      {
        "data": {
          "id": "4f9bb844afc325376521f9e10ad8fe405f1d5517b0d3234ade5c6d44f7348a2d",
          "nodeType": "service",
          "cluster": "east",
          "namespace": "bankapp",
          "service": "pricing",
          "destServices": [
            {
              "cluster": "east",
              "namespace": "bankapp",
              "name": "pricing"
            }
          ],
          "traffic": [
            {
              "protocol": "http",
              "rates": {
                "httpIn": "20.00"
              }
            }
          ],
          "healthData": null,
          "isInaccessible": true,
          "isOutside": true
        }
      },
      {
        "data": {
          "id": "da07d7e8e1738d0cd108aea94c957506c5e18b85a81714e60dbd8250b327306b",
          "nodeType": "service",
          "cluster": "east",
          "namespace": "bookinfo",
          "service": "details",
          "destServices": [
            {
              "cluster": "east",
              "namespace": "bookinfo",
              "name": "details"
            }
          ],
          "traffic": [
            {
              "protocol": "http",
              "rates": {
                "httpIn": "80.00",
                "httpIn3xx": "20.00",
                "httpIn4xx": "20.00",
                "httpIn5xx": "20.00"
              }
            }
          ],
          "healthData": null
        }
      },
      {
        "data": {
          "id": "f9bebbca72a26dfed60079549e7568b40f871032bb8f1731f87f177de139dc7a",
          "nodeType": "service",
          "cluster": "east",
          "namespace": "bookinfo",
          "service": "productpage",
          "destServices": [
            {
              "cluster": "east",
              "namespace": "bookinfo",
              "name": "productpage"
            }
          ],
          "traffic": [
            {
              "protocol": "http",
              "rates": {
                "httpIn": "170.00",
                "httpOut": "160.00"
              }
            },
            {
              "protocol": "tcp",
              "rates": {
                "tcpOut": "62.00"
              }
            }
          ],
          "healthData": null
        }
      },
      {
        "data": {
          "id": "436409b25c30ee98c31177471ec694c4e7bab67f831188939a985cb993099c3d",
          "nodeType": "service",
          "cluster": "east",
          "namespace": "bookinfo",
          "service": "ratings",
          "destServices": [
            {
              "cluster": "east",
              "namespace": "bookinfo",
              "name": "ratings"
            }
          ],
          "traffic": [
            {
              "protocol": "http",
              "rates": {
                "httpIn": "60.00",
                "httpIn5xx": "20.00"
              }
            }
          ],
          "healthData": null
        }
      },
      {
        "data": {
          "id": "628d5fb903a06c646956103bb657f58f0588f28a380e4f4118e8ac5b0904e166",
          "nodeType": "service",
          "cluster": "east",
          "namespace": "bookinfo",
          "service": "reviews",
          "destServices": [
            {
              "cluster": "east",
              "namespace": "bookinfo",
              "name": "reviews"
            }
          ],
          "traffic": [
            {
              "protocol": "grpc",
              "rates": {
                "grpcOut": "50.00"
              }
            },
            {
              "protocol": "http",
              "rates": {
                "httpIn": "100.00",
                "httpOut": "124.00"
              }
            }
          ],
          "healthData": null
        }
      },
      {
        "data": {
          "id": "83c64d004d04a696c6b84a06500eb88f4f0701d81a23bd347d73faf1159c0994",
          "nodeType": "service",
          "cluster": "east",
          "namespace": "bookinfo",
          "service": "tcp",
          "destServices": [
            {
              "cluster": "east",
              "namespace": "bookinfo",
              "name": "tcp"
            }
          ],
          "traffic": [
            {
              "protocol": "tcp",
              "rates": {
                "tcpIn": "1162.00"
              }
            }
          ],
          "healthData": null
        }
      },
      {
        "data": {
          "id": "294cc51c6a37db5f2f644f7b121233dadc9cccf5686b31c9722c1fa72e8caa30",
          "nodeType": "workload",
          "cluster": "east",
          "namespace": "istio-system",
          "workload": "ingressgateway-unknown",
          "app": "ingressgateway",
          "version": "latest",
          "traffic": [
            {
              "protocol": "http",
              "rates": {
                "httpOut": "100.00"
              }
            },
            {
              "protocol": "tcp",
              "rates": {
                "tcpOut": "300.00"
              }
            }
          ],
          "healthData": null,
          "isInaccessible": true,
          "isOutside": true,
          "isRoot": true
        }
      },
      {
        "data": {
          "id": "a57b9b85f07813dbe6d8120f62aaa97e27046bebfd9f431c66a6262ab36d5dbb",
          "nodeType": "service",
          "cluster": "unknown",
          "namespace": "unknown",
          "service": "unknown",
          "traffic": [
            {
              "protocol": "http",
              "rates": {
                "httpIn": "4.00",
                "httpIn4xx": "4.00"
              }
            }
          ],
          "healthData": null,
          "isInaccessible": true
        }
      },
      {
        "data": {
          "id": "65be8a76856b9d3ef07a3348abcf6476fc80408bd342dd7882a5f4274542a1e0",
          "nodeType": "unknown",
          "cluster": "unknown",
          "namespace": "unknown",
          "workload": "unknown",
          "app": "unknown",
          "version": "unknown",
          "traffic": [
            {
              "protocol": "http",
              "rates": {
                "httpOut": "50.00"
              }
            },
            {
              "protocol": "tcp",
              "rates": {
                "tcpOut": "800.00"
              }
            }
          ],
          "healthData": null,
          "isInaccessible": true,
          "isRoot": true
        }
      }
    ],
    "edges": [
      {
        "data": {
          "id": "24f550012be40e55ec3d8ff019112cf3f9e3b7833436632ee9e8c72861b206c7",
          "source": "294cc51c6a37db5f2f644f7b121233dadc9cccf5686b31c9722c1fa72e8caa30",
          "target": "83c64d004d04a696c6b84a06500eb88f4f0701d81a23bd347d73faf1159c0994",
          "traffic": {
            "protocol": "tcp",
            "rates": {
              "tcp": "300.00"
            },
            "responses": {
              "-": {
                "flags": {
                  "-": "100.0"
                },
                "hosts": {
                  "tcp:9080": "100.0"
                }
              }
            }
          }
        }
      },
      {
        "data": {
          "id": "9d1fb6251d641fa0109b49612bcbedd9f18692e4ca65a4528b5bc6db9f01840f",
          "source": "294cc51c6a37db5f2f644f7b121233dadc9cccf5686b31c9722c1fa72e8caa30",
          "target": "f9bebbca72a26dfed60079549e7568b40f871032bb8f1731f87f177de139dc7a",
          "traffic": {
            "protocol": "http",
            "rates": {
              "http": "100.00",
              "httpPercentReq": "100.0"
            },
            "responses": {
              "200": {
                "flags": {
                  "-": "100.0"
                },
                "hosts": {
                  "productpage:9080": "100.0"
                }
              }
            }
          }
        }
      },
      {
        "data": {
          "id": "4b8566eb067ae58b92879745cf01bd84f6707b919ae8f17c88caa98a7e5bac93",
          "source": "628d5fb903a06c646956103bb657f58f0588f28a380e4f4118e8ac5b0904e166",
          "target": "2ece1a58255a8af70ebd2982f3df9912add282c65f176987bddd4bcf3d955dbb",
          "traffic": {
            "protocol": "grpc",
            "rates": {
              "grpc": "50.00",
              "grpcPercentReq": "100.0"
            },
            "responses": {
              "0": {
                "flags": {
                  "-": "100.0"
                },
                "hosts": {
                  "deposit:9080": "100.0"
                }
              }
            }
          }
        }
      },
      {
        "data": {
          "id": "58430a95a277bc976d901b6945996edcf859e348ad123c69e3155b37f133f7ae",
          "source": "628d5fb903a06c646956103bb657f58f0588f28a380e4f4118e8ac5b0904e166",
          "target": "436409b25c30ee98c31177471ec694c4e7bab67f831188939a985cb993099c3d",
          "traffic": {
            "protocol": "http",
            "rates": {
              "http": "60.00",
              "http5xx": "20.00",
              "httpPercentErr": "33.3",
              "httpPercentReq": "48.4"
            },
            "responses": {
              "200": {
                "flags": {
                  "-": "66.7"
                },
                "hosts": {
                  "ratings:9080": "66.7"
                }
              },
              "500": {
                "flags": {
                  "-": "33.3"
                },
                "hosts": {
                  "ratings:9080": "33.3"
                }
              }
            }
          }
        }
      },
      {
        "data": {
          "id": "3c7dae37827774cffbfb8b72f2bc9d7ce05d822b867715c825b220f7776ef972",
          "source": "628d5fb903a06c646956103bb657f58f0588f28a380e4f4118e8ac5b0904e166",
          "target": "4f9bb844afc325376521f9e10ad8fe405f1d5517b0d3234ade5c6d44f7348a2d",
          "traffic": {
            "protocol": "http",
            "rates": {
              "http": "20.00",
              "httpPercentReq": "16.1"
            },
            "responses": {
              "200": {
                "flags": {
                  "-": "100.0"
                },
                "hosts": {
                  "pricing:9080": "100.0"
                }
              }
            }
          }
        }
      },
      {
        "data": {
          "id": "a17aa594829da364dddf563af7539306f04ef448639b056f9d7b665bea760d7a",
          "source": "628d5fb903a06c646956103bb657f58f0588f28a380e4f4118e8ac5b0904e166",
          "target": "628d5fb903a06c646956103bb657f58f0588f28a380e4f4118e8ac5b0904e166",
          "traffic": {
            "protocol": "http",
            "rates": {
              "http": "40.00",
              "httpPercentReq": "32.3"
            },
            "responses": {
              "200": {
                "flags": {
                  "-": "100.0"
                },
                "hosts": {
                  "reviews:9080": "100.0"
                }
              }
            }
          }
        }
      },
      {
        "data": {
          "id": "a1559abed6553696c915cc9babbc5e12b434fbf633c4d3df124e93e6b8688b06",
          "source": "628d5fb903a06c646956103bb657f58f0588f28a380e4f4118e8ac5b0904e166",
          "target": "a57b9b85f07813dbe6d8120f62aaa97e27046bebfd9f431c66a6262ab36d5dbb",
          "traffic": {
            "protocol": "http",
            "rates": {
              "http": "4.00",
              "http4xx": "4.00",
              "httpPercentErr": "100.0",
              "httpPercentReq": "3.2"
            },
            "responses": {
              "404": {
                "flags": {
                  "NR": "100.0"
                },
                "hosts": {
                  "unknown": "100.0"
                }
              }
            }
          }
        }
      },
      {
        "data": {
          "id": "68783463192e337a43fdb66b1abcc0b657f4cc9f34274a9c6832041c4e51a92c",
          "source": "65be8a76856b9d3ef07a3348abcf6476fc80408bd342dd7882a5f4274542a1e0",
          "target": "83c64d004d04a696c6b84a06500eb88f4f0701d81a23bd347d73faf1159c0994",
          "traffic": {
            "protocol": "tcp",
            "rates": {
              "tcp": "800.00"
            },
            "responses": {
              "-": {
                "flags": {
                  "-": "100.0"
                },
                "hosts": {
                  "tcp:9080": "100.0"
                }
              }
            }
          }
        }
      },
      {
        "data": {
          "id": "ce5a2e5f08b111ddd79a0eaa063ce1aa7b737dfc95124af7525b90d28fc604b7",
          "source": "65be8a76856b9d3ef07a3348abcf6476fc80408bd342dd7882a5f4274542a1e0",
          "target": "f9bebbca72a26dfed60079549e7568b40f871032bb8f1731f87f177de139dc7a",
          "traffic": {
            "protocol": "http",
            "rates": {
              "http": "50.00",
              "httpPercentReq": "100.0"
            },
            "responses": {
              "200": {
                "flags": {
                  "-": "100.0"
                },
                "hosts": {
                  "productpage:9080": "100.0"
                }
              }
            }
          }
        }
      },
      {
        "data": {
          "id": "8ac3f4a019539d1e2e29864b84fea28389a1537b1486009bbd82d7e2e22ea4eb",
          "source": "f9bebbca72a26dfed60079549e7568b40f871032bb8f1731f87f177de139dc7a",
          "target": "628d5fb903a06c646956103bb657f58f0588f28a380e4f4118e8ac5b0904e166",
          "traffic": {
            "protocol": "http",
            "rates": {
              "http": "60.00",
              "httpPercentReq": "37.5"
            },
            "responses": {
              "200": {
                "flags": {
                  "-": "100.0"
                },
                "hosts": {
                  "reviews:9080": "100.0"
                }
              }
            }
          }
        }
      },
      {
        "data": {
          "id": "bb1eb9dc9b434bde5d78c8552f2d05319d150ac39d90bb3e9766851dd56d302e",
          "source": "f9bebbca72a26dfed60079549e7568b40f871032bb8f1731f87f177de139dc7a",
          "target": "83c64d004d04a696c6b84a06500eb88f4f0701d81a23bd347d73faf1159c0994",
          "traffic": {
            "protocol": "tcp",
            "rates": {
              "tcp": "62.00"
            },
            "responses": {
              "-": {
                "flags": {
                  "-": "100.0"
                },
                "hosts": {
                  "tcp:9080": "100.0"
                }
              }
            }
          }
        }
      },
      {
        "data": {
          "id": "7bab606aac1e0759feabe996ddda8ed88d5ea1488094d865991267bf1c28ad9b",
          "source": "f9bebbca72a26dfed60079549e7568b40f871032bb8f1731f87f177de139dc7a",
          "target": "da07d7e8e1738d0cd108aea94c957506c5e18b85a81714e60dbd8250b327306b",
          "traffic": {
            "protocol": "http",
            "rates": {
              "http": "80.00",
              "http3xx": "20.00",
              "http4xx": "20.00",
              "http5xx": "20.00",
              "httpPercentErr": "50.0",
              "httpPercentReq": "50.0"
            },
            "responses": {
              "200": {
                "flags": {
                  "-": "25.0"
                },
                "hosts": {
                  "details:9080": "25.0"
                }
              },
              "300": {
                "flags": {
                  "-": "25.0"
                },
                "hosts": {
                  "details:9080": "25.0"
                }
              },
              "400": {
                "flags": {
                  "-": "25.0"
                },
                "hosts": {
                  "details:9080": "25.0"
                }
              },
              "500": {
                "flags": {
                  "-": "25.0"
                },
                "hosts": {
                  "details:9080": "25.0"
                }
              }
            }
          }
        }
      },
      {
        "data": {
          "id": "b1c0cb044ae5699a184778413668f4e84a38f0388fdb68dd9661291c6ac1d3e5",
          "source": "f9bebbca72a26dfed60079549e7568b40f871032bb8f1731f87f177de139dc7a",
          "target": "f9bebbca72a26dfed60079549e7568b40f871032bb8f1731f87f177de139dc7a",
          "traffic": {
            "protocol": "http",
            "rates": {
              "http": "20.00",
              "httpPercentReq": "12.5"
            },
            "responses": {
              "200": {
                "flags": {
                  "-": "100.0"
                },
                "hosts": {
                  "productpage:9080": "100.0"
                }
              }
            }
          }
        }
      }
    ]
  }
}