{
  "timestamp": 1523364075,
  "duration": 600,
  "graphType": "versionedApp",
  "elements": {
    "nodes": [
      {
        "data": {
          "id": "6c86dcceef5e58314a01404baa640e60b8ac7e196a776fc742018952bc4436ed",
          "nodeType": "box",
          "cluster": "east",
          "namespace": "bookinfo",
          "app": "reviews",
          "healthData": null,
          "isBox": "app"
        }
      },
      {
        "data": {
          "id": "017252b5b703ced2232617723dccd7534c95c2a9e0cb33c74e9a0487dac3f2d4",
          "nodeType": "app",
          "cluster": "east",
          "namespace": "bookinfo",
          "workload": "details-v1",
          "app": "details",
          "version": "v1",
          "destServices": [
            {
              "cluster": "east",
              "namespace": "bookinfo",
              "name": "details"
            }
          ],
          "traffic": [
            {
              "protocol": "http",
              "rates": {
                "httpIn": "80.00",
                "httpIn3xx": "20.00",
                "httpIn4xx": "20.00",
                "httpIn5xx": "20.00"
              }
            }
          ],
          "healthData": null
        }
      },
      {
        "data": {
          "id": "6c54bb0a538451b39c0803eec6501c7015b9fedf82f34472061a3b554a66072f",
          "nodeType": "app",
          "cluster": "east",
          "namespace": "bookinfo",
          "workload": "productpage-v1",
          "app": "productpage",
          "version": "v1",
          "destServices": [
            {
              "cluster": "east",
              "namespace": "bookinfo",
              "name": "productpage"
            }
          ],
          "traffic": [
            {
              "protocol": "http",
              "rates": {
                "httpIn": "170.00",
                "httpOut": "164.00"
              }
            },
            {
              "protocol": "tcp",
              "rates": {
                "tcpOut": "31.00"
              }
            }
          ],
          "healthData": null
        }
      },
      {
        "data": {
          "id": "0ed7f2d31c50d95f3d8fe5a49623ab59118873b628381e87e5a3431356f7125d",
          "parent": "6c86dcceef5e58314a01404baa640e60b8ac7e196a776fc742018952bc4436ed",
          "nodeType": "app",
          "cluster": "east",
          "namespace": "bookinfo",
          "workload": "reviews-v1",
          "app": "reviews",
          "version": "v1",
          "destServices": [
            {
              "cluster": "east",
              "namespace": "bookinfo",
              "name": "reviews"
            }
          ],
          "traffic": [
            {
              "protocol": "http",
              "rates": {
                "httpIn": "20.00"
              }
            }
          ],
          "healthData": null
        }
      },
      {
        "data": {
          "id": "13c4c9a58298d7c0b98c862dadc9ae70364f889b2e54ade64b8e38eec7b012b7",
          "parent": "6c86dcceef5e58314a01404baa640e60b8ac7e196a776fc742018952bc4436ed",
          "nodeType": "app",
          "cluster": "east",
          "namespace": "bookinfo",
          "workload": "reviews-v2",
          "app": "reviews",
          "version": "v2",
          "destServices": [
            {
              "cluster": "east",
              "namespace": "bookinfo",
              "name": "reviews"
            }
          ],
          "traffic": [
            {
              "protocol": "http",
              "rates": {
                "httpIn": "20.00"
              }
            }
          ],
          "healthData": null
        }
      },
      {
        "data": {
          "id": "5d347257e1d4c2b8ceb6c0d2dab1163f9890f67e4d4ffb8757a9c9ef588f5366",
          "parent": "6c86dcceef5e58314a01404baa640e60b8ac7e196a776fc742018952bc4436ed",
          "nodeType": "app",
          "cluster": "east",
          "namespace": "bookinfo",
          "workload": "reviews-v3",
          "app": "reviews",
          "version": "v3",
          "destServices": [
            {
              "cluster": "east",
              "namespace": "bookinfo",
              "name": "reviews"
            }
          ],
          "traffic": [
            {
              "protocol": "http",
              "rates": {
                "httpIn": "20.00"
              }
            }
          ],
          "healthData": null
        }
      },
      {
        "data": {
          "id": "42c504123f5630b9fef7987c60ffe9f4e51fe83769badcf59c66d7ea92279a82",
          "nodeType": "app",
          "cluster": "east",
          "namespace": "bookinfo",
          "workload": "tcp-v1",
          "app": "tcp",
          "version": "v1",
          "destServices": [
            {
              "cluster": "east",
              "namespace": "bookinfo",
              "name": "tcp"
            }
          ],
          "traffic": [
            {
              "protocol": "tcp",
              "rates": {
                "tcpIn": "31.00"
              }
            }
          ],
          "healthData": null
        }
      },
      {
        "data": {
          "id": "8d1dc262e6098cd78ee56f62c8069df6c60d9719e66cd833783512b37567f417",
          "nodeType": "app",
          "cluster": "east",
          "namespace": "istio-system",
          "workload": "ingressgateway-unknown",
          "app": "ingressgateway",
          "version": "latest",
          "traffic": [
            {
              "protocol": "http",
              "rates": {
                "httpOut": "100.00"
              }
            }
          ],
          "healthData": null,
          "isInaccessible": true,
          "isOutside": true,
          "isRoot": true
        }
      },
      {
        "data": {
          "id": "a57b9b85f07813dbe6d8120f62aaa97e27046bebfd9f431c66a6262ab36d5dbb",
          "nodeType": "service",
          "cluster": "unknown",
          "namespace": "unknown",
          "service": "unknown",
          "traffic": [
            {
              "protocol": "http",
              "rates": {
                "httpIn": "4.00",
                "httpIn4xx": "4.00"
              }
            }
          ],
          "healthData": null,
          "isInaccessible": true
        }
      },
      {
        "data": {
          "id": "65be8a76856b9d3ef07a3348abcf6476fc80408bd342dd7882a5f4274542a1e0",
          "nodeType": "unknown",
          "cluster": "unknown",
          "namespace": "unknown",
          "workload": "unknown",
          "app": "unknown",
          "version": "unknown",
          "traffic": [
            {
              "protocol": "http",
              "rates": {
                "httpOut": "50.00"
              }
            }
          ],
          "healthData": null,
          "isInaccessible": true,
          "isRoot": true
        }
      }
    ],
    "edges": [
      {
        "data": {
          "id": "dae24f24a534da60f9d35acc6756f8e7c75bcb90a4ff7893fa406bfcb8a87cbe",
          "source": "65be8a76856b9d3ef07a3348abcf6476fc80408bd342dd7882a5f4274542a1e0",
          "target": "6c54bb0a538451b39c0803eec6501c7015b9fedf82f34472061a3b554a66072f",
          "traffic": {
            "protocol": "http",
            "rates": {
              "http": "50.00",
              "httpPercentReq": "100.0"
            },
            "responses": {
              "200": {
                "flags": {
                  "-": "100.0"
                },
                "hosts": {
                  "productpage:9080": "100.0"
                }
              }
            }
          }
        }
      },
      {
        "data": {
          "id": "0b6051db04d83a7d0ded7b1fae7acc699f9b999a35548998e857059691f478be",
          "source": "6c54bb0a538451b39c0803eec6501c7015b9fedf82f34472061a3b554a66072f",
          "target": "017252b5b703ced2232617723dccd7534c95c2a9e0cb33c74e9a0487dac3f2d4",
          "traffic": {
            "protocol": "http",
            "rates": {
              "http": "80.00",
              "http3xx": "20.00",
              "http4xx": "20.00",
              "http5xx": "20.00",
              "httpPercentErr": "50.0",
              "httpPercentReq": "48.8"
            },
            "responses": {
              "200": {
                "flags": {
                  "-": "25.0"
                },
                "hosts": {
                  "details:9080": "25.0"
                }
              },
              "300": {
                "flags": {
                  "-": "25.0"
                },
                "hosts": {
                  "details:9080": "25.0"
                }
              },
              "400": {
                "flags": {
                  "-": "25.0"
                },
                "hosts": {
                  "details:9080": "25.0"
                }
              },
              "500": {
                "flags": {
                  "-": "25.0"
                },
                "hosts": {
                  "details:9080": "25.0"
                }
              }
            }
          }
        }
      },
      {
        "data": {
          "id": "4599e74d65d037001411da4cb3dd6476503bc60dd6856a58427d103622723897",
          "source": "6c54bb0a538451b39c0803eec6501c7015b9fedf82f34472061a3b554a66072f",
          "target": "0ed7f2d31c50d95f3d8fe5a49623ab59118873b628381e87e5a3431356f7125d",
          "traffic": {
            "protocol": "http",
            "rates": {
              "http": "20.00",
              "httpPercentReq": "12.2"
            },
            "responses": {
              "200": {
                "flags": {
                  "-": "100.0"
                },
                "hosts": {
                  "reviews:9080": "100.0"
                }
              }
            }
          }
        }
      },
      {
        "data": {
          "id": "ac6610d819cc7a2e41dc145acaedd0c39ccb58af0b718f71621de2516d716345",
          "source": "6c54bb0a538451b39c0803eec6501c7015b9fedf82f34472061a3b554a66072f",
          "target": "13c4c9a58298d7c0b98c862dadc9ae70364f889b2e54ade64b8e38eec7b012b7",
          "traffic": {
            "protocol": "http",
            "rates": {
              "http": "20.00",
              "httpPercentReq": "12.2"
            },
            "responses": {
              "200": {
                "flags": {
                  "-": "100.0"
                },
                "hosts": {
                  "reviews:9080": "100.0"
                }
              }
            }
          }
        }
      },
      {
        "data": {
          "id": "1e1ecf7e31ffcd69c7c17d7cad069ce8176da0a4e9b4a7a98eb659760aae70b5",
          "source": "6c54bb0a538451b39c0803eec6501c7015b9fedf82f34472061a3b554a66072f",
          "target": "42c504123f5630b9fef7987c60ffe9f4e51fe83769badcf59c66d7ea92279a82",
          "traffic": {
            "protocol": "tcp",
            "rates": {
              "tcp": "31.00"
            },
            "responses": {
              "-": {
                "flags": {
                  "-": "100.0"
                },
                "hosts": {
                  "tcp:9080": "100.0"
                }
              }
            }
          }
        }
      },
      {
        "data": {
          "id": "ac875a4105cd197c1a30830ef8c42700f91e8a96314ff57821e7c2cc2d5d1f6a",
          "source": "6c54bb0a538451b39c0803eec6501c7015b9fedf82f34472061a3b554a66072f",
          "target": "5d347257e1d4c2b8ceb6c0d2dab1163f9890f67e4d4ffb8757a9c9ef588f5366",
          "traffic": {
            "protocol": "http",
            "rates": {
              "http": "20.00",
              "httpPercentReq": "12.2"
            },
            "responses": {
              "200": {
                "flags": {
                  "-": "100.0"
                },
                "hosts": {
                  "reviews:9080": "100.0"
                }
              }
            }
          }
        }
      },
      {
        "data": {
          "id": "a50d8fcc1fc0217e0e1c26510e23afefcd0a1ffd0340fd18a99e63c9ee86ec9d",
          "source": "6c54bb0a538451b39c0803eec6501c7015b9fedf82f34472061a3b554a66072f",
          "target": "6c54bb0a538451b39c0803eec6501c7015b9fedf82f34472061a3b554a66072f",
          "traffic": {
            "protocol": "http",
            "rates": {
              "http": "20.00",
              "httpPercentReq": "12.2"
            },
            "responses": {
              "200": {
                "flags": {
                  "-": "100.0"
                },
                "hosts": {
                  "productpage:9080": "100.0"
                }
              }
            }
          }
        }
      },
      {
        "data": {
          "id": "e547f5c6b8151dd1326e3b408d45dee7a29e3a83e57b6fb392c05793333b7f79",
          "source": "6c54bb0a538451b39c0803eec6501c7015b9fedf82f34472061a3b554a66072f",
          "target": "a57b9b85f07813dbe6d8120f62aaa97e27046bebfd9f431c66a6262ab36d5dbb",
          "traffic": {
            "protocol": "http",
            "rates": {
              "http": "4.00",
              "http4xx": "4.00",
              "httpPercentErr": "100.0",
              "httpPercentReq": "2.4"
            },
            "responses": {
              "404": {
                "flags": {
                  "NR": "100.0"
                },
                "hosts": {
                  "unknown": "100.0"
                }
              }
            }
          }
        }
      },
      {
        "data": {
          "id": "d02a0a94058a64d3ef962a0d01cd0ecdcaa1c9952ed8e231e27c242cf37e3728",
          "source": "8d1dc262e6098cd78ee56f62c8069df6c60d9719e66cd833783512b37567f417",
          "target": "6c54bb0a538451b39c0803eec6501c7015b9fedf82f34472061a3b554a66072f",
          "traffic": {
            "protocol": "http",
            "rates": {
              "http": "100.00",
              "httpPercentReq": "100.0"
            },
            "responses": {
              "200": {
                "flags": {
                  "-": "100.0"
                },
                "hosts": {
                  "productpage:9080": "100.0"
                }
              }
            }
          }
        }
      }
    ]
  }
}