{
  "timestamp": 1523364075,
  "duration": 600,
  "graphType": "workload",
  "elements": {
    "nodes": [
      {
        "data": {
          "id": "75e6bff154aefcf8a8dcf46396a6d897afb9ad7b256b70d7e2ea5a5e8ed98242",
          "nodeType": "workload",
          "cluster": "east",
          "namespace": "bookinfo",
          "workload": "productpage-v1",
          "app": "productpage",
          "version": "v1",
          "destServices": [
            {
              "cluster": "east",
              "namespace": "bookinfo",
              "name": "productpage"
            }
          ],
          "traffic": [
            {
              "protocol": "http",
              "rates": {
                "httpIn": "100.00"
              }
            },
            {
              "protocol": "tcp",
              "rates": {
                "tcpIn": "31.00"
              }
            }
          ],
          "healthData": null
        }
      },
      {
        "data": {
          "id": "294cc51c6a37db5f2f644f7b121233dadc9cccf5686b31c9722c1fa72e8caa30",
          "nodeType": "workload",
          "cluster": "east",
          "namespace": "istio-system",
          "workload": "ingressgateway-unknown",
          "app": "ingressgateway",
          "version": "latest",
          "traffic": [
            {
              "protocol": "http",
              "rates": {
                "httpOut": "100.00"
              }
            },
            {
              "protocol": "tcp",
              "rates": {
                "tcpOut": "31.00"
              }
            }
          ],
          "healthData": null,
          "isInaccessible": true,
          "isOutside": true,
          "isRoot": true
        }
      }
    ],
    "edges": [
      {
        "data": {
          "id": "5b98e5e02cdc06281e4e45c971e9fd38df4419275511d5f42771531b1c2b4a08",
          "source": "294cc51c6a37db5f2f644f7b121233dadc9cccf5686b31c9722c1fa72e8caa30",
          "target": "75e6bff154aefcf8a8dcf46396a6d897afb9ad7b256b70d7e2ea5a5e8ed98242",
          "traffic": {
            "protocol": "http",
            "rates": {
              "http": "100.00",
              "httpPercentReq": "100.0"
            },
            "responses": {
              "200": {
                "flags": {
                  "-": "100.0"
                },
                "hosts": {
                  "productpage:9080": "100.0"
                }
              }
            }
          }
        }
      },
      {
        "data": {
          "id": "27562d77b99e79d151f2e42fccbf69957c91c183199a3b35600f53e3f2870810",
          "source": "294cc51c6a37db5f2f644f7b121233dadc9cccf5686b31c9722c1fa72e8caa30",
          "target": "75e6bff154aefcf8a8dcf46396a6d897afb9ad7b256b70d7e2ea5a5e8ed98242",
          "traffic": {
            "protocol": "tcp",
            "rates": {
              "tcp": "31.00"
            },
            "responses": {
              "-": {
                "flags": {
                  "-": "100.0"
                },
                "hosts": {
                  "productpage:9080": "100.0"
                }
              }
            }
          }
        }
      }
    ]
  }
}