{
  "timestamp": 1523364075,
  "duration": 600,
  "graphType": "versionedApp",
  "elements": {
    "nodes": [
      {
        "data": {
          "id": "891624108785d1bebc7a99cf1544cf74cb1b1a4ffede470bceb8c94e4262e178",
          "nodeType": "service",
          "cluster": "cluster-bookinfo",
          "namespace": "bookinfo",
          "service": "app.example.com",
          "destServices": [
            {
              "cluster": "cluster-bookinfo",
              "namespace": "bookinfo",
              "name": "app.example.com"
            }
          ],
          "traffic": [
            {
              "protocol": "http",
              "rates": {
                "httpIn": "300.00"
              }
            }
          ],
          "healthData": null
        }
      },
      {
        "data": {
          "id": "ff037557793b1a179b44a4bdb98f06a53f9144394c2c0311c77a787e4e422365",
          "nodeType": "app",
          "cluster": "cluster-bookinfo",
          "namespace": "bookinfo",
          "workload": "productpage-v1",
          "app": "productpage",
          "version": "v1",
          "destServices": [
            {
              "cluster": "cluster-bookinfo",
              "namespace": "bookinfo",
              "name": "productpage"
            }
          ],
          "traffic": [
            {
              "protocol": "http",
              "rates": {
                "httpIn": "100.00"
              }
            }
          ],
          "healthData": null
        }
      },
      {
        "data": {
          "id": "38b9ada47c71f8ec7f19d80915670e8aed770a48c947b22ed1485bda65379e6f",
          "nodeType": "app",
          "cluster": "cluster-cp",
          "namespace": "istio-system",
          "workload": "istio-egressgateway",
          "app": "istio-egressgateway",
          "version": "latest",
          "traffic": [
            {
              "protocol": "http",
              "rates": {
                "httpOut": "400.00"
              }
            }
          ],
          "healthData": null,
          "isRoot": true
        }
      },
      {
        "data": {
          "id": "6957b003b3080c8730448e7592d579abe50d644804a15d2f36e415abd26361e1",
          "nodeType": "app",
          "cluster": "cluster-tutorial",
          "namespace": "bookinfo",
          "workload": "reviews-v1",
          "app": "reviews",
          "version": "v1",
          "destServices": [
            {
              "cluster": "cluster-tutorial",
              "namespace": "bookinfo",
              "name": "reviews"
            }
          ],
          "traffic": [
            {
              "protocol": "http",
              "rates": {
                "httpIn": "700.00"
              }
            }
          ],
          "healthData": null
        }
      },
      {
        "data": {
          "id": "9bfb92040ea6c4415f200b1c5aba3ff09a381bec095ca5d1d67cfc0c6f0ee570",
          "nodeType": "app",
          "cluster": "cluster-tutorial",
          "namespace": "istio-system",
          "workload": "istio-egressgateway",
          "app": "istio-egressgateway",
          "version": "latest",
          "destServices": [
            {
              "cluster": "cluster-tutorial",
              "namespace": "istio-system",
              "name": "istio-egressgateway"
            }
          ],
          "traffic": [
            {
              "protocol": "grpc",
              "rates": {
                "grpcIn": "600.00",
                "grpcInNoResponse": "600.00"
              }
            },
            {
              "protocol": "http",
              "rates": {
                "httpIn": "900.00",
                "httpInNoResponse": "500.00"
              }
            }
          ],
          "healthData": null
        }
      },
      {
        "data": {
          "id": "7cc28c7f579336dc60fee944e0ac251b745f3834f30ff2ca8dce0e09556fd289",
          "nodeType": "app",
          "cluster": "cluster-tutorial",
          "namespace": "outsider",
          "workload": "outsider-ingress",
          "app": "outsider-ingress",
          "version": "latest",
          "traffic": [
            {
              "protocol": "http",
              "rates": {
                "httpOut": "50.00"
              }
            }
          ],
          "healthData": null,
          "isInaccessible": true,
          "isOutside": true,
          "isRoot": true
        }
      },
      {
        "data": {
          "id": "558736a813aae0549f168dd685733a97c2c4bfce5da1203be6cef19c6b9c2a8a",
          "nodeType": "app",
          "cluster": "cluster-tutorial",
          "namespace": "tutorial",
          "workload": "customer-v1",
          "app": "customer",
          "version": "v1",
          "destServices": [
            {
              "cluster": "cluster-tutorial",
              "namespace": "tutorial",
              "name": "customer"
            }
          ],
          "traffic": [
            {
              "protocol": "grpc",
              "rates": {
                "grpcIn": "50.00",
                "grpcOut": "600.00"
              }
            },
            {
              "protocol": "http",
              "rates": {
                "httpOut": "1950.00"
              }
            }
          ],
          "healthData": null
        }
      },
      {
        "data": {
          "id": "9d307eef588ed3489da406c60b0214b062141b962c36b71f62c2fd1101990f0a",
          "nodeType": "service",
          "cluster": "unknown",
          "namespace": "unknown",
          "service": "app.example-2.com",
          "destServices": [
            {
              "cluster": "unknown",
              "namespace": "unknown",
              "name": "app.example-2.com"
            }
          ],
          "traffic": [
            {
              "protocol": "http",
              "rates": {
                "httpIn": "400.00"
              }
            }
          ],
          "healthData": null,
          "isInaccessible": true
        }
      },
      {
        "data": {
          "id": "3e0a27576ac41ee46d0e519a5aaea8b7fa946173da2cf315d3821083b8e4b7fe",
          "nodeType": "service",
          "cluster": "unknown",
          "namespace": "unknown",
          "service": "reviews",
          "destServices": [
            {
              "cluster": "unknown",
              "namespace": "unknown",
              "name": "reviews"
            }
          ],
          "traffic": [
            {
              "protocol": "http",
              "rates": {
                "httpIn": "50.00",
                "httpIn5xx": "50.00"
              }
            }
          ],
          "healthData": null,
          "isInaccessible": true
        }
      },
      {
        "data": {
          "id": "65be8a76856b9d3ef07a3348abcf6476fc80408bd342dd7882a5f4274542a1e0",
          "nodeType": "unknown",
          "cluster": "unknown",
          "namespace": "unknown",
          "workload": "unknown",
          "app": "unknown",
          "version": "unknown",
          "traffic": [
            {
              "protocol": "grpc",
              "rates": {
                "grpcOut": "50.00"
              }
            },
            {
              "protocol": "http",
              "rates": {
                "httpOut": "50.00"
              }
            }
          ],
          "healthData": null,
          "isInaccessible": true,
          "isRoot": true
        }
      }
    ],
    "edges": [
      {
        "data": {
          "id": "4ef5f805e5d4955deb24ea0b5f98edba31a65895c6e466096d8013c3e8defecb",
          "source": "38b9ada47c71f8ec7f19d80915670e8aed770a48c947b22ed1485bda65379e6f",
          "target": "9d307eef588ed3489da406c60b0214b062141b962c36b71f62c2fd1101990f0a",
          "traffic": {
            "protocol": "http",
            "rates": {
              "http": "400.00",
              "httpPercentReq": "100.0"
            },
            "responses": {
              "200": {
                "flags": {
                  "-": "100.0"
                },
                "hosts": {
                  "app.example-2.com": "100.0"
                }
              }
            }
          }
        }
      },
      {
        "data": {
          "id": "9ef575ab6833aa2ce8d30d43035be644f3e00b96482b2af5262fa26c6056b00e",
          "source": "558736a813aae0549f168dd685733a97c2c4bfce5da1203be6cef19c6b9c2a8a",
          "target": "6957b003b3080c8730448e7592d579abe50d644804a15d2f36e415abd26361e1",
          "traffic": {
            "protocol": "http",
            "rates": {
              "http": "700.00",
              "httpPercentReq": "35.9"
            },
            "responses": {
              "200": {
                "flags": {
                  "-": "100.0"
                },
                "hosts": {
                  "reviews": "100.0"
                }
              }
            }
          }
        }
      },
      {
        "data": {
          "id": "a5fb93d2ef400fe948d4e0eaba9629a519f9b774741200c057a0cb8a11db16ce",
          "source": "558736a813aae0549f168dd685733a97c2c4bfce5da1203be6cef19c6b9c2a8a",
          "target": "891624108785d1bebc7a99cf1544cf74cb1b1a4ffede470bceb8c94e4262e178",
          "traffic": {
            "protocol": "http",
            "rates": {
              "http": "300.00",
              "httpPercentReq": "15.4"
            },
            "responses": {
              "200": {
                "flags": {
                  "-": "100.0"
                },
                "hosts": {
                  "app.example.com": "100.0"
                }
              }
            }
          }
        }
      },
      {
        "data": {
          "id": "e052b76d1609c6445556f832d5f3bc495053106315e83b9b0f8682cb8543c478",
          "source": "558736a813aae0549f168dd685733a97c2c4bfce5da1203be6cef19c6b9c2a8a",
          "target": "9bfb92040ea6c4415f200b1c5aba3ff09a381bec095ca5d1d67cfc0c6f0ee570",
          "traffic": {
            "protocol": "grpc",
            "rates": {
              "grpc": "600.00",
              "grpcNoResponse": "600.00",
              "grpcPercentErr": "100.0",
              "grpcPercentReq": "100.0"
            },
            "responses": {
              "-": {
                "flags": {
                  "DC": "100.0"
                },
                "hosts": {
                  "istio-egressgateway.istio-system.svc.cluster.local": "100.0"
                }
              }
            }
          }
        }
      },
      {
        "data": {
          "id": "5a514e1cc42a469f9ba88f02e0b0c2d7f7762beef2b19884c68604b736198e59",
          "source": "558736a813aae0549f168dd685733a97c2c4bfce5da1203be6cef19c6b9c2a8a",
          "target": "9bfb92040ea6c4415f200b1c5aba3ff09a381bec095ca5d1d67cfc0c6f0ee570",
          "traffic": {
            "protocol": "http",
            "rates": {
              "http": "900.00",
              "httpNoResponse": "500.00",
              "httpPercentErr": "55.6",
              "httpPercentReq": "46.2"
            },
            "responses": {
              "-": {
                "flags": {
                  "DC": "55.6"
                },
                "hosts": {
                  "istio-egressgateway.istio-system.svc.cluster.local": "55.6"
                }
              },
              "200": {
                "flags": {
                  "-": "44.4"
                },
                "hosts": {
                  "istio-egressgateway.istio-system.svc.cluster.local": "44.4"
                }
              }
            }
          }
        }
      },
      {
        "data": {
          "id": "b3f33780e96820811c4364d930a679a049bf9983ce92e3165d96800d7ae1fabe",
          "source": "558736a813aae0549f168dd685733a97c2c4bfce5da1203be6cef19c6b9c2a8a",
          "target": "ff037557793b1a179b44a4bdb98f06a53f9144394c2c0311c77a787e4e422365",
          "traffic": {
            "protocol": "http",
            "rates": {
              "http": "50.00",
              "httpPercentReq": "2.6"
            },
            "responses": {
              "200": {
                "flags": {
                  "-": "100.0"
                },
                "hosts": {
                  "productpage:9080": "100.0"
                }
              }
            }
          }
        }
      },
      {
        "data": {
          "id": "0dd75e02c8345a74138edf6e086af22fb9dd0e4b542505d3bba67fd865a1b674",
          "source": "65be8a76856b9d3ef07a3348abcf6476fc80408bd342dd7882a5f4274542a1e0",
          "target": "558736a813aae0549f168dd685733a97c2c4bfce5da1203be6cef19c6b9c2a8a",
          "traffic": {
            "protocol": "grpc",
            "rates": {
              "grpc": "50.00",
              "grpcPercentReq": "100.0"
            },
            "responses": {
              "0": {
                "flags": {
                  "-": "100.0"
                },
                "hosts": {
                  "customer:9080": "100.0"
                }
              }
            }
          }
        }
      },
      {
        "data": {
          "id": "9aeed12a238cb05412f96a4ca681a605ce94a937e2041a9026637fbd1c19c7ea",
          "source": "65be8a76856b9d3ef07a3348abcf6476fc80408bd342dd7882a5f4274542a1e0",
          "target": "ff037557793b1a179b44a4bdb98f06a53f9144394c2c0311c77a787e4e422365",
          "traffic": {
            "protocol": "http",
            "rates": {
              "http": "50.00",
              "httpPercentReq": "100.0"
            },
            "responses": {
              "200": {
                "flags": {
                  "-": "100.0"
                },
                "hosts": {
                  "productpage:9080": "100.0"
                }
              }
            }
          }
        }
      },
      {
        "data": {
          "id": "22376d8ea3e879bfbbf5b1d02abb20de95e242050949393c211d911e586900f5",
          "source": "7cc28c7f579336dc60fee944e0ac251b745f3834f30ff2ca8dce0e09556fd289",
          "target": "3e0a27576ac41ee46d0e519a5aaea8b7fa946173da2cf315d3821083b8e4b7fe",
          "traffic": {
            "protocol": "http",
            "rates": {
              "http": "50.00",
              "http5xx": "50.00",
              "httpPercentErr": "100.0",
              "httpPercentReq": "100.0"
            },
            "responses": {
              "503": {
                "flags": {
                  "-": "100.0"
                },
                "hosts": {
                  "reviews.bookinfo.svc.cluster.local": "100.0"
                }
              }
            }
          }
        }
      }
    ]
  }
}