{
  "timestamp": 1523364075,
  "duration": 600,
  "graphType": "versionedApp",
  "elements": {
    "nodes": [
      {
        "data": {
          "id": "6c86dcceef5e58314a01404baa640e60b8ac7e196a776fc742018952bc4436ed",
          "nodeType": "box",
          "cluster": "east",
          "namespace": "bookinfo",
          "app": "reviews",
          "healthData": null,
          "isBox": "app"
        }
      },
      {
        "data": {
          "id": "491406010c219871b429d8f5dd0d2ec5793d9c8856a0ea6418f1e6bcbb5ff9c3",
          "nodeType": "app",
          "cluster": "east",
          "namespace": "bankapp",
          "workload": "deposit-v1",
          "app": "deposit",
          "version": "v1",
          "destServices": [
            {
              "cluster": "east",
              "namespace": "bankapp",
              "name": "deposit"
            }
          ],
          "traffic": [
            {
              "protocol": "grpc",
              "rates": {
                "grpcIn": "50.00"
              }
            }
          ],
          "healthData": null,
          "isInaccessible": true,
          "isOutside": true
        }
      },
      {
        "data": {
          "id": "df63de43847d2188f1f9743eb829230c4f0d87f2ff189cb4b882cf7ed522063a",
          "nodeType": "app",
          "cluster": "east",
          "namespace": "bankapp",
          "workload": "pricing-v1",
          "app": "pricing",
          "version": "v1",
          "destServices": [
            {
              "cluster": "east",
              "namespace": "bankapp",
              "name": "pricing"
            }
          ],
          "traffic": [
            {
              "protocol": "http",
              "rates": {
                "httpIn": "20.00"
              }
            }
          ],
          "healthData": null,
          "isInaccessible": true,
          "isOutside": true
        }
      },
      {
        "data": {
          "id": "a29d84c69406f430d4f323239d67a59c96fdfdafd2c3b6384cbd54c338d3268b",
          "nodeType": "workload",
          "cluster": "east",
          "namespace": "bookinfo",
          "workload": "kiali-2412",
          "traffic": [
            {
              "protocol": "http",
              "rates": {
                "httpIn": "50.00"
              }
            }
          ],
          "healthData": null
        }
      },
      {
        "data": {
          "id": "017252b5b703ced2232617723dccd7534c95c2a9e0cb33c74e9a0487dac3f2d4",
          "nodeType": "app",
          "cluster": "east",
          "namespace": "bookinfo",
          "workload": "details-v1",
          "app": "details",
          "version": "v1",
          "destServices": [
            {
              "cluster": "east",
              "namespace": "bookinfo",
              "name": "details"
            }
          ],
          "traffic": [
            {
              "protocol": "http",
              "rates": {
                "httpIn": "80.00",
                "httpIn3xx": "20.00",
                "httpIn4xx": "20.00",
                "httpIn5xx": "20.00"
              }
            }
          ],
          "healthData": null
        }
      },
      {
        "data": {
          "id": "6c54bb0a538451b39c0803eec6501c7015b9fedf82f34472061a3b554a66072f",
          "nodeType": "app",
          "cluster": "east",
          "namespace": "bookinfo",
          "workload": "productpage-v1",
          "app": "productpage",
          "version": "v1",
          "destServices": [
            {
              "cluster": "east",
              "namespace": "bookinfo",
              "name": "productpage"
            }
          ],
          "traffic": [
            {
              "protocol": "http",
              "rates": {
                "httpIn": "170.00",
                "httpOut": "160.00"
              }
            },
            {
              "protocol": "tcp",
              "rates": {
                "tcpOut": "62.00"
              }
            }
          ],
          "healthData": null
        }
      },
      {
        "data": {
          "id": "444d662970b1f032bf6d298ce67d9744b589239bd4ecbec9d207e0af10d9c02e",
          "nodeType": "app",
          "cluster": "east",
          "namespace": "bookinfo",
          "workload": "ratings-v1",
          "app": "ratings",
          "version": "v1",
          "destServices": [
            {
              "cluster": "east",
              "namespace": "bookinfo",
              "name": "ratings"
            }
          ],
          "traffic": [
            {
              "protocol": "http",
              "rates": {
                "httpIn": "60.00",
                "httpIn5xx": "20.00"
              }
            }
          ],
          "healthData": null
        }
      },
      {
        "data": {
          "id": "0ed7f2d31c50d95f3d8fe5a49623ab59118873b628381e87e5a3431356f7125d",
          "parent": "6c86dcceef5e58314a01404baa640e60b8ac7e196a776fc742018952bc4436ed",
          "nodeType": "app",
          "cluster": "east",
          "namespace": "bookinfo",
          "workload": "reviews-v1",
          "app": "reviews",
          "version": "v1",
          "destServices": [
            {
              "cluster": "east",
              "namespace": "bookinfo",
              "name": "reviews"
            }
          ],
          "traffic": [
            {
              "protocol": "http",
              "rates": {
                "httpIn": "20.00"
              }
            }
          ],
          "healthData": null
        }
      },
      {
        "data": {
          "id": "13c4c9a58298d7c0b98c862dadc9ae70364f889b2e54ade64b8e38eec7b012b7",
          "parent": "6c86dcceef5e58314a01404baa640e60b8ac7e196a776fc742018952bc4436ed",
          "nodeType": "app",
          "cluster": "east",
          "namespace": "bookinfo",
          "workload": "reviews-v2",
          "app": "reviews",
          "version": "v2",
          "destServices": [
            {
              "cluster": "east",
              "namespace": "bookinfo",
              "name": "reviews"
            }
          ],
          "traffic": [
            {
              "protocol": "http",
              "rates": {
                "httpIn": "40.00",
                "httpOut": "50.00"
              }
            }
          ],
          "healthData": null
        }
      },
      {
        "data": {
          "id": "5d347257e1d4c2b8ceb6c0d2dab1163f9890f67e4d4ffb8757a9c9ef588f5366",
          "parent": "6c86dcceef5e58314a01404baa640e60b8ac7e196a776fc742018952bc4436ed",
          "nodeType": "app",
          "cluster": "east",
          "namespace": "bookinfo",
          "workload": "reviews-v3",
          "app": "reviews",
          "version": "v3",
          "destServices": [
            {
              "cluster": "east",
              "namespace": "bookinfo",
              "name": "reviews"
            }
          ],
          "traffic": [
            {
              "protocol": "grpc",
              "rates": {
                "grpcOut": "50.00"
              }
            },
            {
              "protocol": "http",
              "rates": {
                "httpIn": "40.00",
                "httpOut": "74.00"
              }
            }
          ],
          "healthData": null
        }
      },
      {
        "data": {
          "id": "42c504123f5630b9fef7987c60ffe9f4e51fe83769badcf59c66d7ea92279a82",
          "nodeType": "app",
          "cluster": "east",
          "namespace": "bookinfo",
          "workload": "tcp-v1",
          "app": "tcp",
          "version": "v1",
          "destServices": [
            {
              "cluster": "east",
              "namespace": "bookinfo",
              "name": "tcp"
            }
          ],
          "traffic": [
            {
              "protocol": "tcp",
              "rates": {
                "tcpIn": "1162.00"
              }
            }
          ],
          "healthData": null
        }
      },
      {
        "data": {
          "id": "8d1dc262e6098cd78ee56f62c8069df6c60d9719e66cd833783512b37567f417",
          "nodeType": "app",
          "cluster": "east",
          "namespace": "istio-system",
          "workload": "ingressgateway-unknown",
          "app": "ingressgateway",
          "version": "latest",
          "traffic": [
            {
              "protocol": "http",
              "rates": {
                "httpOut": "100.00"
              }
            },
            {
              "protocol": "tcp",
              "rates": {
                "tcpOut": "300.00"
              }
            }
          ],
          "healthData": null,
          "isInaccessible": true,
          "isOutside": true,
          "isRoot": true
        }
      },
      {
        "data": {
          "id": "a57b9b85f07813dbe6d8120f62aaa97e27046bebfd9f431c66a6262ab36d5dbb",
          "nodeType": "service",
          "cluster": "unknown",
          "namespace": "unknown",
          "service": "unknown",
          "traffic": [
            {
              "protocol": "http",
              "rates": {
                "httpIn": "4.00",
                "httpIn4xx": "4.00"
              }
            }
          ],
          "healthData": null,
          "isInaccessible": true
        }
      },
      {
        "data": {
          "id": "65be8a76856b9d3ef07a3348abcf6476fc80408bd342dd7882a5f4274542a1e0",
          "nodeType": "unknown",
          "cluster": "unknown",
          "namespace": "unknown",
          "workload": "unknown",
          "app": "unknown",
          "version": "unknown",
          "traffic": [
            {
              "protocol": "http",
              "rates": {
                "httpOut": "100.00"
              }
            },
            {
              "protocol": "tcp",
              "rates": {
                "tcpOut": "800.00"
              }
            }
          ],
          "healthData": null,
          "isInaccessible": true,
          "isRoot": true
        }
      }
    ],
    "edges": [
      {
        "data": {
          "id": "05c9039b936bc53ad58f06559144635ecfed29f035b768c97ee0fe81ce2f1214",
          "source": "13c4c9a58298d7c0b98c862dadc9ae70364f889b2e54ade64b8e38eec7b012b7",
          "target": "13c4c9a58298d7c0b98c862dadc9ae70364f889b2e54ade64b8e38eec7b012b7",
          "traffic": {
            "protocol": "http",
            "rates": {
              "http": "20.00",
              "httpPercentReq": "40.0"
            },
            "responses": {
              "200": {
                "flags": {
                  "-": "100.0"
                },
                "hosts": {
                  "reviews:9080": "100.0"
                }
              }
            }
          }
        }
      },
      {
        "data": {
          "id": "fc5a242872a3afa66fa44078d054bc2319ba4ef022686b9fa98acbee50677e54",
          "source": "13c4c9a58298d7c0b98c862dadc9ae70364f889b2e54ade64b8e38eec7b012b7",
          "target": "444d662970b1f032bf6d298ce67d9744b589239bd4ecbec9d207e0af10d9c02e",
          "traffic": {
            "protocol": "http",
            "rates": {
              "http": "30.00",
              "http5xx": "10.00",
              "httpPercentErr": "33.3",
              "httpPercentReq": "60.0"
            },
            "responses": {
              "200": {
                "flags": {
                  "-": "66.7"
                },
                "hosts": {
                  "ratings:9080": "66.7"
                }
              },
              "500": {
                "flags": {
                  "-": "33.3"
                },
                "hosts": {
                  "ratings:9080": "33.3"
                }
              }
            }
          }
        }
      },
      {
        "data": {
          "id": "e29be6505f8b60e481a4cd185361d64b51e53c0c94949977455b74f795cc685e",
          "source": "5d347257e1d4c2b8ceb6c0d2dab1163f9890f67e4d4ffb8757a9c9ef588f5366",
          "target": "444d662970b1f032bf6d298ce67d9744b589239bd4ecbec9d207e0af10d9c02e",
          "traffic": {
            "protocol": "http",
            "rates": {
              "http": "30.00",
              "http5xx": "10.00",
              "httpPercentErr": "33.3",
              "httpPercentReq": "40.5"
            },
            "responses": {
              "200": {
                "flags": {
                  "-": "66.7"
                },
                "hosts": {
                  "ratings:9080": "66.7"
                }
              },
              "500": {
                "flags": {
                  "-": "33.3"
                },
                "hosts": {
                  "ratings:9080": "33.3"
                }
              }
            }
          }
        }
      },
      {
        "data": {
          "id": "5318b9e6c90df1e8e97f7e0463b4b8da4500d6f54213d9517ff5d11fd0d95b03",
          "source": "5d347257e1d4c2b8ceb6c0d2dab1163f9890f67e4d4ffb8757a9c9ef588f5366",
          "target": "491406010c219871b429d8f5dd0d2ec5793d9c8856a0ea6418f1e6bcbb5ff9c3",
          "traffic": {
            "protocol": "grpc",
            "rates": {
              "grpc": "50.00",
              "grpcPercentReq": "100.0"
            },
            "responses": {
              "0": {
                "flags": {
                  "-": "100.0"
                },
                "hosts": {
                  "deposit:9080": "100.0"
                }
              }
            }
          }
        }
      },
      {
        "data": {
          "id": "748edf2f9eb4a177654417e406c6390c25570f75099a18584775f625a67cb189",
          "source": "5d347257e1d4c2b8ceb6c0d2dab1163f9890f67e4d4ffb8757a9c9ef588f5366",
          "target": "5d347257e1d4c2b8ceb6c0d2dab1163f9890f67e4d4ffb8757a9c9ef588f5366",
          "traffic": {
            "protocol": "http",
            "rates": {
              "http": "20.00",
              "httpPercentReq": "27.0"
            },
            "responses": {
              "200": {
                "flags": {
                  "-": "100.0"
                },
                "hosts": {
                  "reviews:9080": "100.0"
                }
              }
            }
          }
        }
      },
      {
        "data": {
          "id": "96fd5d72341980422b356a69d1d1e50fa615a59ea0377acef4058d96396a0d45",
          "source": "5d347257e1d4c2b8ceb6c0d2dab1163f9890f67e4d4ffb8757a9c9ef588f5366",
          "target": "a57b9b85f07813dbe6d8120f62aaa97e27046bebfd9f431c66a6262ab36d5dbb",
          "traffic": {
            "protocol": "http",
            "rates": {
              "http": "4.00",
              "http4xx": "4.00",
              "httpPercentErr": "100.0",
              "httpPercentReq": "5.4"
            },
            "responses": {
              "404": {
                "flags": {
                  "NR": "100.0"
                },
                "hosts": {
                  "unknown": "100.0"
                }
              }
            }
          }
        }
      },
      {
        "data": {
          "id": "ecb1928f98694909da2f36d2a69769ad0d5bf9de2d1dd4cab8371a0162cfa258",
          "source": "5d347257e1d4c2b8ceb6c0d2dab1163f9890f67e4d4ffb8757a9c9ef588f5366",
          "target": "df63de43847d2188f1f9743eb829230c4f0d87f2ff189cb4b882cf7ed522063a",
          "traffic": {
            "protocol": "http",
            "rates": {
              "http": "20.00",
              "httpPercentReq": "27.0"
            },
            "responses": {
              "200": {
                "flags": {
                  "-": "100.0"
                },
                "hosts": {
                  "pricing:9080": "100.0"
                }
              }
            }
          }
        }
      },
      {
        "data": {
          "id": "52e373a66dd740e1f59042dbc00e463f7c79f84854a63ab56c82ddf26cd4af2f",
          "source": "65be8a76856b9d3ef07a3348abcf6476fc80408bd342dd7882a5f4274542a1e0",
          "target": "42c504123f5630b9fef7987c60ffe9f4e51fe83769badcf59c66d7ea92279a82",
          "traffic": {
            "protocol": "tcp",
            "rates": {
              "tcp": "800.00"
            },
            "responses": {
              "-": {
                "flags": {
                  "-": "100.0"
                },
                "hosts": {
                  "tcp:9080": "100.0"
                }
              }
            }
          }
        }
      },
      {
        "data": {
          "id": "dae24f24a534da60f9d35acc6756f8e7c75bcb90a4ff7893fa406bfcb8a87cbe",
          "source": "65be8a76856b9d3ef07a3348abcf6476fc80408bd342dd7882a5f4274542a1e0",
          "target": "6c54bb0a538451b39c0803eec6501c7015b9fedf82f34472061a3b554a66072f",
          "traffic": {
            "protocol": "http",
            "rates": {
              "http": "50.00",
              "httpPercentReq": "50.0"
            },
            "responses": {
              "200": {
                "flags": {
                  "-": "100.0"
                },
                "hosts": {
                  "productpage:9080": "100.0"
                }
              }
            }
          }
        }
      },
      {
        "data": {
          "id": "270271db501549fe8ce910aa3a59b90bc20383cdc7827864b75d024e7ce7f6aa",
          "source": "65be8a76856b9d3ef07a3348abcf6476fc80408bd342dd7882a5f4274542a1e0",
          "target": "a29d84c69406f430d4f323239d67a59c96fdfdafd2c3b6384cbd54c338d3268b",
          "traffic": {
            "protocol": "http",
            "rates": {
              "http": "50.00",
              "httpPercentReq": "50.0"
            },
            "responses": {
              "200": {
                "flags": {
                  "-": "100.0"
                }
              }
            }
          }
        }
      },
      {
        "data": {
          "id": "0b6051db04d83a7d0ded7b1fae7acc699f9b999a35548998e857059691f478be",
          "source": "6c54bb0a538451b39c0803eec6501c7015b9fedf82f34472061a3b554a66072f",
          "target": "017252b5b703ced2232617723dccd7534c95c2a9e0cb33c74e9a0487dac3f2d4",
          "traffic": {
            "protocol": "http",
            "rates": {
              "http": "80.00",
              "http3xx": "20.00",
              "http4xx": "20.00",
              "http5xx": "20.00",
              "httpPercentErr": "50.0",
              "httpPercentReq": "50.0"
            },
            "responses": {
              "200": {
                "flags": {
                  "-": "25.0"
                },
                "hosts": {
                  "details:9080": "25.0"
                }
              },
              "300": {
                "flags": {
                  "-": "25.0"
                },
                "hosts": {
                  "details:9080": "25.0"
                }
              },
              "400": {
                "flags": {
                  "-": "25.0"
                },
                "hosts": {
                  "details:9080": "25.0"
                }
              },
              "500": {
                "flags": {
                  "-": "25.0"
                },
                "hosts": {
                  "details:9080": "25.0"
                }
              }
            }
          }
        }
      },
      {
        "data": {
          "id": "4599e74d65d037001411da4cb3dd6476503bc60dd6856a58427d103622723897",
          "source": "6c54bb0a538451b39c0803eec6501c7015b9fedf82f34472061a3b554a66072f",
          "target": "0ed7f2d31c50d95f3d8fe5a49623ab59118873b628381e87e5a3431356f7125d",
          "traffic": {
            "protocol": "http",
            "rates": {
              "http": "20.00",
              "httpPercentReq": "12.5"
            },
            "responses": {
              "200": {
                "flags": {
                  "-": "100.0"
                },
                "hosts": {
                  "reviews:9080": "100.0"
                }
              }
            }
          }
        }
      },
      {
        "data": {
          "id": "ac6610d819cc7a2e41dc145acaedd0c39ccb58af0b718f71621de2516d716345",
          "source": "6c54bb0a538451b39c0803eec6501c7015b9fedf82f34472061a3b554a66072f",
          "target": "13c4c9a58298d7c0b98c862dadc9ae70364f889b2e54ade64b8e38eec7b012b7",
          "traffic": {
            "protocol": "http",
            "rates": {
              "http": "20.00",
              "httpPercentReq": "12.5"
            },
            "responses": {
              "200": {
                "flags": {
                  "-": "100.0"
                },
                "hosts": {
                  "reviews:9080": "100.0"
                }
              }
            }
          }
        }
      },
      {
        "data": {
          "id": "1e1ecf7e31ffcd69c7c17d7cad069ce8176da0a4e9b4a7a98eb659760aae70b5",
          "source": "6c54bb0a538451b39c0803eec6501c7015b9fedf82f34472061a3b554a66072f",
          "target": "42c504123f5630b9fef7987c60ffe9f4e51fe83769badcf59c66d7ea92279a82",
          "traffic": {
            "protocol": "tcp",
            "rates": {
              "tcp": "62.00"
            },
            "responses": {
              "-": {
                "flags": {
                  "-": "100.0"
                },
                "hosts": {
                  "tcp:9080": "100.0"
                }
              }
            }
          }
        }
      },
      {
        "data": {
          "id": "ac875a4105cd197c1a30830ef8c42700f91e8a96314ff57821e7c2cc2d5d1f6a",
          "source": "6c54bb0a538451b39c0803eec6501c7015b9fedf82f34472061a3b554a66072f",
          "target": "5d347257e1d4c2b8ceb6c0d2dab1163f9890f67e4d4ffb8757a9c9ef588f5366",
          "traffic": {
            "protocol": "http",
            "rates": {
              "http": "20.00",
              "httpPercentReq": "12.5"
            },
            "responses": {
              "200": {
                "flags": {
                  "-": "100.0"
                },
                "hosts": {
                  "reviews:9080": "100.0"
                }
              }
            }
          }
        }
      },
      {
        "data": {
          "id": "a50d8fcc1fc0217e0e1c26510e23afefcd0a1ffd0340fd18a99e63c9ee86ec9d",
          "source": "6c54bb0a538451b39c0803eec6501c7015b9fedf82f34472061a3b554a66072f",
          "target": "6c54bb0a538451b39c0803eec6501c7015b9fedf82f34472061a3b554a66072f",
          "traffic": {
            "protocol": "http",
            "rates": {
              "http": "20.00",
              "httpPercentReq": "12.5"
            },
            "responses": {
              "200": {
                "flags": {
                  "-": "100.0"
                },
                "hosts": {
                  "productpage:9080": "100.0"
                }
              }
            }
          }
        }
      },
      {
        "data": {
          "id": "9b59e2438c9074fb7ada982ec76faf5a9d20a3944391c0f8002062d748e0e821",
          "source": "8d1dc262e6098cd78ee56f62c8069df6c60d9719e66cd833783512b37567f417",
          "target": "42c504123f5630b9fef7987c60ffe9f4e51fe83769badcf59c66d7ea92279a82",
          "traffic": {
            "protocol": "tcp",
            "rates": {
              "tcp": "300.00"
            },
            "responses": {
              "-": {
                "flags": {
                  "-": "100.0"
                },
                "hosts": {
                  "tcp:9080": "100.0"
                }
              }
            }
          }
        }
      },
      {
        "data": {
          "id": "d02a0a94058a64d3ef962a0d01cd0ecdcaa1c9952ed8e231e27c242cf37e3728",
          "source": "8d1dc262e6098cd78ee56f62c8069df6c60d9719e66cd833783512b37567f417",
          "target": "6c54bb0a538451b39c0803eec6501c7015b9fedf82f34472061a3b554a66072f",
          "traffic": {
            "protocol": "http",
            "rates": {
              "http": "100.00",
              "httpPercentReq": "100.0"
            },
            "responses": {
              "200": {
                "flags": {
                  "-": "100.0"
                },
                "hosts": {
                  "productpage:9080": "100.0"
                }
              }
            }
          }
        }
      }
    ]
  }
}