{
  "timestamp": 1523364075,
  "duration": 600,
  "graphType": "versionedApp",
  "elements": {
    "nodes": [
      {
        "data": {
          "id": "f9ca906edbc3cea21a0f7bfbd4cef7281d30f1682bd8f9c8ffa21a87b2b21fe8",
          "nodeType": "box",
          "cluster": "kukulcan",
          "namespace": "bookinfo",
          "app": "reviews",
          "healthData": null,
          "isBox": "app"
        }
      },
      {
        "data": {
          "id": "557875eb29497c25b47688bf2d2ebb2b844713bbc0be5063fb565358803a9ccf",
          "nodeType": "box",
          "cluster": "tzotz",
          "namespace": "bookinfo",
          "app": "reviews",
          "healthData": null,
          "isBox": "app"
        }
      },
      {
        "data": {
          "id": "d0ce2e38efd24f6a6fa7ede838800893b25b562f998c74500ba6e7bc9b9f6584",
          "nodeType": "service",
          "cluster": "kukulcan",
          "namespace": "bookinfo",
          "service": "details",
          "destServices": [
            {
              "cluster": "kukulcan",
              "namespace": "bookinfo",
              "name": "details"
            }
          ],
          "traffic": [
            {
              "protocol": "http",
              "rates": {
                "httpIn": "100.00",
                "httpOut": "100.00"
              }
            }
          ],
          "healthData": null
        }
      },
      {
        "data": {
          "id": "57d55a9fe0060ee6200e9a09b8d74e494eb55ddb1eb2992c81e42c6af8d228b1",
          "nodeType": "service",
          "cluster": "kukulcan",
          "namespace": "bookinfo",
          "service": "productpage",
          "destServices": [
            {
              "cluster": "kukulcan",
              "namespace": "bookinfo",
              "name": "productpage"
            }
          ],
          "traffic": [
            {
              "protocol": "http",
              "rates": {
                "httpIn": "100.00",
                "httpOut": "100.00"
              }
            }
          ],
          "healthData": null
        }
      },
      {
        "data": {
          "id": "febb8cd924567504c9ba1c6645183dd0ff51e2e67f49970ffbc5c09403e09f10",
          "nodeType": "service",
          "cluster": "kukulcan",
          "namespace": "bookinfo",
          "service": "reviews",
          "destServices": [
            {
              "cluster": "kukulcan",
              "namespace": "bookinfo",
              "name": "reviews"
            }
          ],
          "traffic": [
            {
              "protocol": "http",
              "rates": {
                "httpIn": "200.00",
                "httpOut": "200.00"
              }
            }
          ],
          "healthData": null
        }
      },
      {
        "data": {
          "id": "f3e07c94fb6b90351f9fd34682ca0c05c53922195930d33c0f52749a112c7090",
          "nodeType": "app",
          "cluster": "kukulcan",
          "namespace": "bookinfo",
          "workload": "details-v1",
          "app": "details",
          "version": "v1",
          "destServices": [
            {
              "cluster": "kukulcan",
              "namespace": "bookinfo",
              "name": "details"
            }
          ],
          "traffic": [
            {
              "protocol": "http",
              "rates": {
                "httpIn": "100.00"
              }
            }
          ],
          "healthData": null
        }
      },
      {
        "data": {
          "id": "0cd808f5f1f0d5263bd298739b7612e0fe3316bde596adb9e850832788f1e5f0",
          "nodeType": "app",
          "cluster": "kukulcan",
          "namespace": "bookinfo",
          "workload": "productpage-v1",
          "app": "productpage",
          "version": "v1",
          "destServices": [
            {
              "cluster": "kukulcan",
              "namespace": "bookinfo",
              "name": "productpage"
            }
          ],
          "traffic": [
            {
              "protocol": "http",
              "rates": {
                "httpIn": "100.00",
                "httpOut": "500.00"
              }
            }
          ],
          "healthData": null
        }
      },
      {
        "data": {
          "id": "6a6afb8ad7aa82c9d39791fb7cdaeb6e305c49ebfdc753feb1ef1f84891a2bd3",
          "parent": "f9ca906edbc3cea21a0f7bfbd4cef7281d30f1682bd8f9c8ffa21a87b2b21fe8",
          "nodeType": "app",
          "cluster": "kukulcan",
          "namespace": "bookinfo",
          "workload": "reviews-v1",
          "app": "reviews",
          "version": "v1",
          "destServices": [
            {
              "cluster": "kukulcan",
              "namespace": "bookinfo",
              "name": "reviews"
            }
          ],
          "traffic": [
            {
              "protocol": "http",
              "rates": {
                "httpIn": "100.00"
              }
            }
          ],
          "healthData": null
        }
      },
      {
        "data": {
          "id": "4f5bf6d1268f82631a09186c5c3487fd8430435ac461c13ee65f2d8d214ca632",
          "parent": "f9ca906edbc3cea21a0f7bfbd4cef7281d30f1682bd8f9c8ffa21a87b2b21fe8",
          "nodeType": "app",
          "cluster": "kukulcan",
          "namespace": "bookinfo",
          "workload": "reviews-v2",
          "app": "reviews",
          "version": "v2",
          "destServices": [
            {
              "cluster": "kukulcan",
              "namespace": "bookinfo",
              "name": "reviews"
            }
          ],
          "traffic": [
            {
              "protocol": "http",
              "rates": {
                "httpIn": "100.00",
                "httpOut": "100.00"
              }
            }
          ],
          "healthData": null
        }
      },
      {
        "data": {
          "id": "428e798425fce8aac7e70cb7267d66738abc4c15a14ee63ceac977746726d9fb",
          "nodeType": "app",
          "cluster": "kukulcan",
          "namespace": "istio-system",
          "workload": "istio-ingressgateway",
          "app": "istio-ingressgateway",
          "version": "latest",
          "traffic": [
            {
              "protocol": "http",
              "rates": {
                "httpOut": "100.00"
              }
            }
          ],
          "healthData": null,
          "isOutside": true,
          "isRoot": true
        }
      },
      {
        "data": {
          "id": "de669518f42d73b3bf10ac56acdcea2f86b81af18b994a2a0a38ff2aaf452a89",
          "nodeType": "service",
          "cluster": "tzotz",
          "namespace": "bookinfo",
          "service": "ratings",
          "destServices": [
            {
              "cluster": "tzotz",
              "namespace": "bookinfo",
              "name": "ratings"
            }
          ],
          "traffic": [
            {
              "protocol": "http",
              "rates": {
                "httpIn": "100.00",
                "httpOut": "100.00"
              }
            }
          ],
          "healthData": null
        }
      },
      {
        "data": {
          "id": "2320a03b98e3583d0761424cbe85b1a4812a88a17f7d668e8dc4db6581eab854",
          "nodeType": "service",
          "cluster": "tzotz",
          "namespace": "bookinfo",
          "service": "reviews",
          "destServices": [
            {
              "cluster": "tzotz",
              "namespace": "bookinfo",
              "name": "reviews"
            }
          ],
          "traffic": [
            {
              "protocol": "http",
              "rates": {
                "httpIn": "200.00",
                "httpOut": "200.00"
              }
            }
          ],
          "healthData": null
        }
      },
      {
        "data": {
          "id": "1e01748047943952e19811328497f7718a4cb14253780cff979cd9d46f4f500f",
          "nodeType": "app",
          "cluster": "tzotz",
          "namespace": "bookinfo",
          "workload": "kiali#4488-dest-v1",
          "app": "kiali#4488-dest",
          "version": "v1",
          "destServices": [
            {
              "cluster": "tzotz",
              "namespace": "bookinfo",
              "name": "PassthroughCluster"
            }
          ],
          "traffic": [
            {
              "protocol": "http",
              "rates": {
                "httpIn": "100.00"
              }
            }
          ],
          "healthData": null
        }
      },
      {
        "data": {
          "id": "22720131d36632da1f23b7eb7e137a05d475d506db2803e185873edc99a0b45f",
          "nodeType": "app",
          "cluster": "tzotz",
          "namespace": "bookinfo",
          "workload": "kiali#4488-source-v1",
          "app": "kiali#4488-source",
          "version": "v1",
          "traffic": [
            {
              "protocol": "http",
              "rates": {
                "httpOut": "100.00"
              }
            }
          ],
          "healthData": null,
          "isRoot": true
        }
      },
      {
        "data": {
          "id": "857835eb720f6b16996e512499c8e8b9334c6ac5eff9a067efcc06fb9d2ce699",
          "nodeType": "app",
          "cluster": "tzotz",
          "namespace": "bookinfo",
          "workload": "ratings-v1",
          "app": "ratings",
          "version": "v1",
          "destServices": [
            {
              "cluster": "tzotz",
              "namespace": "bookinfo",
              "name": "ratings"
            }
          ],
          "traffic": [
            {
              "protocol": "http",
              "rates": {
                "httpIn": "100.00"
              }
            }
          ],
          "healthData": null
        }
      },
      {
        "data": {
          "id": "d2f50fb2cfe7b500f90b358c98cb4e32b70fd8cc3ff12de1944800a4831b69f2",
          "parent": "557875eb29497c25b47688bf2d2ebb2b844713bbc0be5063fb565358803a9ccf",
          "nodeType": "app",
          "cluster": "tzotz",
          "namespace": "bookinfo",
          "workload": "reviews-v2",
          "app": "reviews",
          "version": "v2",
          "destServices": [
            {
              "cluster": "tzotz",
              "namespace": "bookinfo",
              "name": "reviews"
            }
          ],
          "traffic": [
            {
              "protocol": "http",
              "rates": {
                "httpIn": "100.00"
              }
            }
          ],
          "healthData": null
        }
      },
      {
        "data": {
          "id": "fc4d725a31ae540f44d072cfc2e5623630d4fa41edecde03c0e5f8ef15d97f00",
          "parent": "557875eb29497c25b47688bf2d2ebb2b844713bbc0be5063fb565358803a9ccf",
          "nodeType": "app",
          "cluster": "tzotz",
          "namespace": "bookinfo",
          "workload": "reviews-v3",
          "app": "reviews",
          "version": "v3",
          "destServices": [
            {
              "cluster": "tzotz",
              "namespace": "bookinfo",
              "name": "reviews"
            }
          ],
          "traffic": [
            {
              "protocol": "http",
              "rates": {
                "httpIn": "100.00"
              }
            }
          ],
          "healthData": null
        }
      }
    ],
    "edges": [
      {
        "data": {
          "id": "873a96d0b3fd964b4735ccd4db687d3899e82471a7f39ea2fac90678cdd45606",
          "source": "0cd808f5f1f0d5263bd298739b7612e0fe3316bde596adb9e850832788f1e5f0",
          "target": "2320a03b98e3583d0761424cbe85b1a4812a88a17f7d668e8dc4db6581eab854",
          "traffic": {
            "protocol": "http",
            "rates": {
              "http": "200.00",
              "httpPercentReq": "40.0"
            },
            "responses": {
              "200": {
                "flags": {
                  "-": "100.0"
                },
                "hosts": {
                  "reviews.bookinfo.svc.cluster.local": "100.0"
                }
              }
            }
          }
        }
      },
      {
        "data": {
          "id": "2beb70a43c6e9e78d0613c7c70385dd188cb1a511e23127c4190f7c86f3c3063",
          "source": "0cd808f5f1f0d5263bd298739b7612e0fe3316bde596adb9e850832788f1e5f0",
          "target": "d0ce2e38efd24f6a6fa7ede838800893b25b562f998c74500ba6e7bc9b9f6584",
          "traffic": {
            "protocol": "http",
            "rates": {
              "http": "100.00",
              "httpPercentReq": "20.0"
            },
            "responses": {
              "200": {
                "flags": {
                  "-": "100.0"
                },
                "hosts": {
                  "details.bookinfo.svc.cluster.local": "100.0"
                }
              }
            }
          }
        }
      },
      {
        "data": {
          "id": "f7016cbd2dd71d032347a87eda7ccd2a016d2821b8815922ff4fbd8b11d0b000",
          "source": "0cd808f5f1f0d5263bd298739b7612e0fe3316bde596adb9e850832788f1e5f0",
          "target": "febb8cd924567504c9ba1c6645183dd0ff51e2e67f49970ffbc5c09403e09f10",
          "traffic": {
            "protocol": "http",
            "rates": {
              "http": "200.00",
              "httpPercentReq": "40.0"
            },
            "responses": {
              "200": {
                "flags": {
                  "-": "100.0"
                },
                "hosts": {
                  "reviews.bookinfo.svc.cluster.local": "100.0"
                }
              }
            }
          }
        }
      },
      {
        "data": {
          "id": "f45e443d558dd92c1425cbd06c1247c50ab704bef6f755a3d026b6a2211317bf",
          "source": "22720131d36632da1f23b7eb7e137a05d475d506db2803e185873edc99a0b45f",
          "target": "1e01748047943952e19811328497f7718a4cb14253780cff979cd9d46f4f500f",
          "traffic": {
            "protocol": "http",
            "rates": {
              "http": "100.00",
              "httpPercentReq": "100.0"
            },
            "responses": {
              "200": {
                "flags": {
                  "-": "100.0"
                },
                "hosts": {
                  "10.2.3.4:8080": "100.0"
                }
              }
            }
          }
        }
      },
      {
        "data": {
          "id": "97f40e60b5dd574f103bbe50b51319b2f00d4c987e0ce070eb21f5c546148ff3",
          "source": "2320a03b98e3583d0761424cbe85b1a4812a88a17f7d668e8dc4db6581eab854",
          "target": "d2f50fb2cfe7b500f90b358c98cb4e32b70fd8cc3ff12de1944800a4831b69f2",
          "traffic": {
            "protocol": "http",
            "rates": {
              "http": "100.00",
              "httpPercentReq": "50.0"
            },
            "responses": {
              "200": {
                "flags": {
                  "-": "100.0"
                },
                "hosts": {
                  "reviews.bookinfo.svc.cluster.local": "100.0"
                }
              }
            }
          }
        }
      },
      {
        "data": {
          "id": "e4ef20fd2625d23423dac80c243343a5b6f782bf35c98e294f4369305b5838a4",
          "source": "2320a03b98e3583d0761424cbe85b1a4812a88a17f7d668e8dc4db6581eab854",
          "target": "fc4d725a31ae540f44d072cfc2e5623630d4fa41edecde03c0e5f8ef15d97f00",
          "traffic": {
            "protocol": "http",
            "rates": {
              "http": "100.00",
              "httpPercentReq": "50.0"
            },
            "responses": {
              "200": {
                "flags": {
                  "-": "100.0"
                },
                "hosts": {
                  "reviews.bookinfo.svc.cluster.local": "100.0"
                }
              }
            }
          }
        }
      },
      {
        "data": {
          "id": "13096add59b7bf4d8b12eb7cdf4848d4836e3518dd4eff05b286d64cf8f56d9e",
          "source": "428e798425fce8aac7e70cb7267d66738abc4c15a14ee63ceac977746726d9fb",
          "target": "57d55a9fe0060ee6200e9a09b8d74e494eb55ddb1eb2992c81e42c6af8d228b1",
          "traffic": {
            "protocol": "http",
            "rates": {
              "http": "100.00",
              "httpPercentReq": "100.0"
            },
            "responses": {
              "200": {
                "flags": {
                  "-": "100.0"
                },
                "hosts": {
                  "productpage.bookinfo.svc.cluster.local": "100.0"
                }
              }
            }
          }
        }
      },
      {
        "data": {
          "id": "8a3cb79a7c0d227eb814f1d69b9c6c0e9b68c3c9f013f08bf69d0b6290a19104",
          "source": "4f5bf6d1268f82631a09186c5c3487fd8430435ac461c13ee65f2d8d214ca632",
          "target": "de669518f42d73b3bf10ac56acdcea2f86b81af18b994a2a0a38ff2aaf452a89",
          "traffic": {
            "protocol": "http",
            "rates": {
              "http": "100.00",
              "httpPercentReq": "100.0"
            },
            "responses": {
              "200": {
                "flags": {
                  "-": "100.0"
                },
                "hosts": {
                  "ratings.bookinfo.svc.cluster.local": "100.0"
                }
              }
            }
          }
        }
      },
      {
        "data": {
          "id": "50faab78a4243222f573b5dfa5eeba3fbd12bdc02e0f8ad9b8d4c2316cb7eb28",
          "source": "57d55a9fe0060ee6200e9a09b8d74e494eb55ddb1eb2992c81e42c6af8d228b1",
          "target": "0cd808f5f1f0d5263bd298739b7612e0fe3316bde596adb9e850832788f1e5f0",
          "traffic": {
            "protocol": "http",
            "rates": {
              "http": "100.00",
              "httpPercentReq": "100.0"
            },
            "responses": {
              "200": {
                "flags": {
                  "-": "100.0"
                },
                "hosts": {
                  "productpage.bookinfo.svc.cluster.local": "100.0"
                }
              }
            }
          }
        }
      },
      {
        "data": {
          "id": "f486e57694cc6c20749d0a7ff51e29e6de7eb013117bafdd8d971b9fb147415c",
          "source": "d0ce2e38efd24f6a6fa7ede838800893b25b562f998c74500ba6e7bc9b9f6584",
          "target": "f3e07c94fb6b90351f9fd34682ca0c05c53922195930d33c0f52749a112c7090",
          "traffic": {
            "protocol": "http",
            "rates": {
              "http": "100.00",
              "httpPercentReq": "100.0"
            },
            "responses": {
              "200": {
                "flags": {
                  "-": "100.0"
                },
                "hosts": {
                  "details.bookinfo.svc.cluster.local": "100.0"
                }
              }
            }
          }
        }
      },
      {
        "data": {
          "id": "f0c34619c6cfac9e37ad9031c6d92492ee9df704d6394d2b43296430517f17b4",
          "source": "de669518f42d73b3bf10ac56acdcea2f86b81af18b994a2a0a38ff2aaf452a89",
          "target": "857835eb720f6b16996e512499c8e8b9334c6ac5eff9a067efcc06fb9d2ce699",
          "traffic": {
            "protocol": "http",
            "rates": {
              "http": "100.00",
              "httpPercentReq": "100.0"
            },
            "responses": {
              "200": {
                "flags": {
                  "-": "100.0"
                },
                "hosts": {
                  "ratings.bookinfo.svc.cluster.local": "100.0"
                }
              }
            }
          }
        }
      },
      {
        "data": {
          "id": "05598650678339dd2588121808fe578b0c4ec6ce2993984576b91a661f753b1f",
          "source": "febb8cd924567504c9ba1c6645183dd0ff51e2e67f49970ffbc5c09403e09f10",
          "target": "4f5bf6d1268f82631a09186c5c3487fd8430435ac461c13ee65f2d8d214ca632",
          "traffic": {
            "protocol": "http",
            "rates": {
              "http": "100.00",
              "httpPercentReq": "50.0"
            },
            "responses": {
              "200": {
                "flags": {
                  "-": "100.0"
                },
                "hosts": {
                  "reviews.bookinfo.svc.cluster.local": "100.0"
                }
              }
            }
          }
        }
      },
      {
        "data": {
          "id": "b0b16c4e0f866188651776f9d57f9e2e1fb52d66fc02bd95f9db4c45d1995dda",
          "source": "febb8cd924567504c9ba1c6645183dd0ff51e2e67f49970ffbc5c09403e09f10",
          "target": "6a6afb8ad7aa82c9d39791fb7cdaeb6e305c49ebfdc753feb1ef1f84891a2bd3",
          "traffic": {
            "protocol": "http",
            "rates": {
              "http": "100.00",
              "httpPercentReq": "50.0"
            },
            "responses": {
              "200": {
                "flags": {
                  "-": "100.0"
                },
                "hosts": {
                  "reviews.bookinfo.svc.cluster.local": "100.0"
                }
              }
            }
          }
        }
      }
    ]
  }
}