// Jest Snapshot v1, https://goo.gl/fbAQLP

exports[`Overview page renders initial layout 1`] = `
<Fragment>
  <Connect(OverviewToolbarComponent)
    displayMode={1}
    onChange={[Function]}
    onError={[Function]}
    onRefresh={[Function]}
    setDisplayMode={[Function]}
    sort={[Function]}
    statefulFilterRef={
      Object {
        "current": null,
      }
    }
  />
  <EmptyOverview
    filteredNamespaces={Array []}
    loaded={false}
    refreshInterval={10000}
  >
    <RenderComponentScroll
      className="kiali_f10gijvm"
    >
      <Grid />
    </RenderComponentScroll>
  </EmptyOverview>
  <OverviewTrafficPolicies
    duration={600}
    hideConfirmModal={[Function]}
    isOpen={false}
    kind=""
    load={[Function]}
    nsTarget=""
    opTarget=""
  />
</Fragment>
`;
