// Jest Snapshot v1, https://goo.gl/fbAQLP

exports[`ThemeSwitch renders dark theme 1`] = `
<Tooltip
  content={
    <React.Fragment>
      Switch to {{theme}} Mode {"theme":"Light"}
    </React.Fragment>
  }
  position="bottom"
>
  <div>
    <Button
      className="kiali_f1gb5m5k kiali_fj999mp"
      onClick={[Function]}
      variant="secondary"
    >
      <Sun
        className="kiali_fb78s7m"
      />
    </Button>
    <Button
      className="kiali_f1gb5m5k kiali_fxx0nx6"
      onClick={[Function]}
      variant="primary"
    >
      <Moon
        className="kiali_fb78s7m"
      />
    </Button>
  </div>
</Tooltip>
`;

exports[`ThemeSwitch renders light theme 1`] = `
<Tooltip
  content={
    <React.Fragment>
      Switch to {{theme}} Mode {"theme":"Dark"}
    </React.Fragment>
  }
  position="bottom"
>
  <div>
    <Button
      className="kiali_f1gb5m5k kiali_fj999mp"
      onClick={[Function]}
      variant="primary"
    >
      <Sun
        className="kiali_fb78s7m"
      />
    </Button>
    <Button
      className="kiali_f1gb5m5k kiali_fxx0nx6"
      onClick={[Function]}
      variant="secondary"
    >
      <Moon
        className="kiali_fb78s7m"
      />
    </Button>
  </div>
</Tooltip>
`;
