// Jest Snapshot v1, https://goo.gl/fbAQLP

exports[`ToolbarDropdown Render correctly the toolbar dropdown 1`] = `
<Fragment>
  <span
    className="kiali_f1jcl1sl"
    id="graph_filter_interval_duration-name"
  >
    graph_filter_interval_duration
  </span>
  <Select
    aria-label="graph_filter_interval_duration"
    aria-labelledby="graph_filter_interval_duration"
    data-test="graph_filter_interval_duration"
    id="graph_filter_interval_duration"
    isOpen={false}
    onOpenChange={[Function]}
    onSelect={[Function]}
    selected={60}
    toggle={[Function]}
  >
    <SelectList>
      <SelectOption
        id="60"
        isDisabled={false}
        isSelected={true}
        key="60"
        value="60"
      >
        1m
      </SelectOption>
      <SelectOption
        id="120"
        isDisabled={false}
        isSelected={false}
        key="120"
        value="120"
      >
        2m
      </SelectOption>
      <SelectOption
        id="300"
        isDisabled={false}
        isSelected={false}
        key="300"
        value="300"
      >
        5m
      </SelectOption>
      <SelectOption
        id="600"
        isDisabled={false}
        isSelected={false}
        key="600"
        value="600"
      >
        10m
      </SelectOption>
      <SelectOption
        id="1800"
        isDisabled={false}
        isSelected={false}
        key="1800"
        value="1800"
      >
        30m
      </SelectOption>
      <SelectOption
        id="3600"
        isDisabled={false}
        isSelected={false}
        key="3600"
        value="3600"
      >
        1h
      </SelectOption>
      <SelectOption
        id="10800"
        isDisabled={false}
        isSelected={false}
        key="10800"
        value="10800"
      >
        3h
      </SelectOption>
      <SelectOption
        id="21600"
        isDisabled={false}
        isSelected={false}
        key="21600"
        value="21600"
      >
        6h
      </SelectOption>
    </SelectList>
  </Select>
</Fragment>
`;

exports[`ToolbarDropdown Render correctly the toolbar dropdown 2`] = `
<Fragment>
  <span
    className="kiali_f1jcl1sl"
    id="metrics_filter_poll_interval-name"
  >
    metrics_filter_poll_interval
  </span>
  <Select
    aria-label="metrics_filter_poll_interval"
    aria-labelledby="metrics_filter_poll_interval"
    data-test="metrics_filter_poll_interval"
    id="metrics_filter_poll_interval"
    isOpen={false}
    onOpenChange={[Function]}
    onSelect={[Function]}
    selected={60000}
    toggle={[Function]}
  >
    <SelectList>
      <SelectOption
        id="0"
        isDisabled={false}
        isSelected={false}
        key="0"
        value="0"
      >
        Pause
      </SelectOption>
      <SelectOption
        id="10000"
        isDisabled={false}
        isSelected={false}
        key="10000"
        value="10000"
      >
        Every 10s
      </SelectOption>
      <SelectOption
        id="15000"
        isDisabled={false}
        isSelected={false}
        key="15000"
        value="15000"
      >
        Every 15s
      </SelectOption>
      <SelectOption
        id="30000"
        isDisabled={false}
        isSelected={false}
        key="30000"
        value="30000"
      >
        Every 30s
      </SelectOption>
      <SelectOption
        id="60000"
        isDisabled={false}
        isSelected={true}
        key="60000"
        value="60000"
      >
        Every 1m
      </SelectOption>
      <SelectOption
        id="300000"
        isDisabled={false}
        isSelected={false}
        key="300000"
        value="300000"
      >
        Every 5m
      </SelectOption>
      <SelectOption
        id="900000"
        isDisabled={false}
        isSelected={false}
        key="900000"
        value="900000"
      >
        Every 15m
      </SelectOption>
    </SelectList>
  </Select>
</Fragment>
`;

exports[`ToolbarDropdown Render correctly the toolbar dropdown 3`] = `
<Fragment>
  <span
    className="kiali_f1jcl1sl"
    id="graph_filter_layouts-name"
  >
    graph_filter_layouts
  </span>
  <Select
    aria-label="graph_filter_layouts"
    aria-labelledby="graph_filter_layouts"
    data-test="graph_filter_layouts"
    id="graph_filter_layouts"
    isOpen={false}
    onOpenChange={[Function]}
    onSelect={[Function]}
    selected="cola"
    toggle={[Function]}
  >
    <SelectList>
      <SelectOption
        id="kiali-grid"
        isDisabled={false}
        isSelected={false}
        key="kiali-grid"
        value="kiali-grid"
      >
        Grid
      </SelectOption>
      <SelectOption
        id="kiali-concentric"
        isDisabled={false}
        isSelected={false}
        key="kiali-concentric"
        value="kiali-concentric"
      >
        Concentric
      </SelectOption>
      <SelectOption
        id="kiali-dagre"
        isDisabled={false}
        isSelected={false}
        key="kiali-dagre"
        value="kiali-dagre"
      >
        Dagre
      </SelectOption>
    </SelectList>
  </Select>
</Fragment>
`;
