// Jest Snapshot v1, https://goo.gl/fbAQLP

exports[`GraphLegend test should render correctly 1`] = `
<div
  className="kiali_f7z00y3"
  data-test="graph-legend"
>
  <div
    className="kiali_fhl98cw"
  >
    <span>
      Legend
    </span>
    <Tooltip
      content="Close Legend"
    >
      <Button
        id="legend_close"
        onClick={[MockFunction]}
        variant="plain"
      >
        <Close />
      </Button>
    </Tooltip>
  </div>
  <div
    className="kiali_fgk3kmh"
  >
    <div
      className="kiali_fqqe0s6"
      key="Node Shapes"
    >
      Node Shapes
      <div
        className="kiali_fxx5dxr"
        key="node-infra.svg"
      >
        <span
          className="kiali_fzoxfwf"
        >
          <img
            alt="Infra node"
            className=""
            src="node-infra.svg"
          />
        </span>
        <span
          className="kiali_f7pgfh0"
        >
          Infra node
        </span>
      </div>
      <div
        className="kiali_fxx5dxr"
        key="node-dataplane.svg"
      >
        <span
          className="kiali_fzoxfwf"
        >
          <img
            alt="Data Plane"
            className=""
            src="node-dataplane.svg"
          />
        </span>
        <span
          className="kiali_f7pgfh0"
        >
          Data Plane
        </span>
      </div>
      <div
        className="kiali_fxx5dxr"
        key="node-gateway.svg"
      >
        <span
          className="kiali_fzoxfwf"
        >
          <img
            alt="Gateway/Waypoint"
            className=""
            src="node-gateway.svg"
          />
        </span>
        <span
          className="kiali_f7pgfh0"
        >
          Gateway/Waypoint
        </span>
      </div>
    </div>
    <div
      className="kiali_fqqe0s6"
      key="Node Colors"
    >
      Node Colors
      <div
        className="kiali_fxx5dxr"
        key="node-color-healthy.svg"
      >
        <span
          className="kiali_fzoxfwf"
        >
          <img
            alt="Healthy"
            className=""
            src="node-color-healthy.svg"
          />
        </span>
        <span
          className="kiali_f7pgfh0"
        >
          Healthy
        </span>
      </div>
      <div
        className="kiali_fxx5dxr"
        key="node-color-danger.svg"
      >
        <span
          className="kiali_fzoxfwf"
        >
          <img
            alt="Unhealthy"
            className=""
            src="node-color-danger.svg"
          />
        </span>
        <span
          className="kiali_f7pgfh0"
        >
          Unhealthy
        </span>
      </div>
    </div>
    <div
      className="kiali_fqqe0s6"
      key="Edges"
    >
      Edges
      <div
        className="kiali_fxx5dxr"
        key="edge-unhealthy.svg"
      >
        <span
          className="kiali_fzoxfwf"
        >
          <img
            alt="Failure"
            className=""
            src="edge-unhealthy.svg"
          />
        </span>
        <span
          className="kiali_f7pgfh0"
        >
          Failure
        </span>
      </div>
      <div
        className="kiali_fxx5dxr"
        key="edge-healthy.svg"
      >
        <span
          className="kiali_fzoxfwf"
        >
          <img
            alt="Healthy"
            className=""
            src="edge-healthy.svg"
          />
        </span>
        <span
          className="kiali_f7pgfh0"
        >
          Healthy
        </span>
      </div>
    </div>
    <div
      className="kiali_fqqe0s6"
      key="Node Background"
    >
      Node Background
      <div
        className="kiali_fxx5dxr"
        key="dataplane.svg"
      >
        <span
          className="kiali_fzoxfwf"
        >
          <img
            alt="Data Plane"
            className="kiali_fkbfmy6"
            src="dataplane.svg"
          />
        </span>
        <span
          className="kiali_f7pgfh0"
        >
          Data Plane
        </span>
      </div>
      <div
        className="kiali_fxx5dxr"
        key="gateway.svg"
      >
        <span
          className="kiali_fzoxfwf"
        >
          <img
            alt="Gateway"
            className="kiali_fkbfmy6"
            src="gateway.svg"
          />
        </span>
        <span
          className="kiali_f7pgfh0"
        >
          Gateway
        </span>
      </div>
      <div
        className="kiali_fxx5dxr"
        key="grafana.svg"
      >
        <span
          className="kiali_fzoxfwf"
        >
          <img
            alt="Grafana"
            className="kiali_fkbfmy6"
            src="grafana.svg"
          />
        </span>
        <span
          className="kiali_f7pgfh0"
        >
          Grafana
        </span>
      </div>
      <div
        className="kiali_fxx5dxr"
        key="jaeger.svg"
      >
        <span
          className="kiali_fzoxfwf"
        >
          <img
            alt="Jaeger"
            className="kiali_fkbfmy6"
            src="jaeger.svg"
          />
        </span>
        <span
          className="kiali_f7pgfh0"
        >
          Jaeger
        </span>
      </div>
      <div
        className="kiali_fxx5dxr"
        key="kiali.svg"
      >
        <span
          className="kiali_fzoxfwf"
        >
          <img
            alt="Kiali"
            className="kiali_fkbfmy6"
            src="kiali.svg"
          />
        </span>
        <span
          className="kiali_f7pgfh0"
        >
          Kiali
        </span>
      </div>
      <div
        className="kiali_fxx5dxr"
        key="istio.svg"
      >
        <span
          className="kiali_fzoxfwf"
        >
          <img
            alt="Istio"
            className="kiali_fkbfmy6"
            src="istio.svg"
          />
        </span>
        <span
          className="kiali_f7pgfh0"
        >
          Istio
        </span>
      </div>
      <div
        className="kiali_fxx5dxr"
        key="prometheus.svg"
      >
        <span
          className="kiali_fzoxfwf"
        >
          <img
            alt="Prometheus"
            className="kiali_fkbfmy6"
            src="prometheus.svg"
          />
        </span>
        <span
          className="kiali_f7pgfh0"
        >
          Prometheus
        </span>
      </div>
      <div
        className="kiali_fxx5dxr"
        key="tempo.svg"
      >
        <span
          className="kiali_fzoxfwf"
        >
          <img
            alt="Tempo"
            className="kiali_fkbfmy6"
            src="tempo.svg"
          />
        </span>
        <span
          className="kiali_f7pgfh0"
        >
          Tempo
        </span>
      </div>
      <div
        className="kiali_fxx5dxr"
        key="waypoint.svg"
      >
        <span
          className="kiali_fzoxfwf"
        >
          <img
            alt="Waypoint"
            className="kiali_fkbfmy6"
            src="waypoint.svg"
          />
        </span>
        <span
          className="kiali_f7pgfh0"
        >
          Waypoint
        </span>
      </div>
    </div>
  </div>
</div>
`;
